 hvh

 Timestamp is 6845714a (Sun Jun  8 19:17:30 2025)

 Preferred load address is 10000000

 Start         Length     Name                   Class
 0001:00000000 000004c0H .text$di                CODE
 0001:000004c0 00040bf0H .text$mn                CODE
 0001:000410b0 00001cf0H .text$x                 CODE
 0001:00042da0 000000baH .text$yd                CODE
 0002:00000000 000002f0H .idata$5                DATA
 0002:000002f0 00000008H .00cfg                  DATA
 0002:000002f8 00000004H .CRT$XCA                DATA
 0002:000002fc 00000004H .CRT$XCL                DATA
 0002:00000300 0000007cH .CRT$XCU                DATA
 0002:0000037c 00000004H .CRT$XCZ                DATA
 0002:00000380 00000004H .CRT$XIA                DATA
 0002:00000384 00000004H .CRT$XIZ                DATA
 0002:00000388 00000004H .CRT$XLA                DATA
 0002:0000038c 00000004H .CRT$XLZ                DATA
 0002:00000390 00000004H .CRT$XPA                DATA
 0002:00000394 00000004H .CRT$XPZ                DATA
 0002:00000398 00000004H .CRT$XTA                DATA
 0002:0000039c 00000004H .CRT$XTZ                DATA
 0002:000003a0 00000000H .gfids$y                DATA
 0002:000003a0 000263a0H .rdata                  DATA
 0002:00026740 00000000H .rdata$CastGuardVftablesA DATA
 0002:00026740 00000000H .rdata$CastGuardVftablesC DATA
 0002:00026740 00000018H .rdata$T                DATA
 0002:00026758 000007e8H .rdata$r                DATA
 0002:00026f40 00000204H .rdata$sxdata           DATA
 0002:00027144 00000610H .rdata$voltmd           DATA
 0002:00027754 000003acH .rdata$zzzdbg           DATA
 0002:00027b00 00000004H .rtc$IAA                DATA
 0002:00027b04 00000004H .rtc$IZZ                DATA
 0002:00027b08 00000004H .rtc$TAA                DATA
 0002:00027b0c 00000004H .rtc$TZZ                DATA
 0002:00027b10 00000004H .tls                    DATA
 0002:00027b14 00000004H .tls$                   DATA
 0002:00027b18 00000008H .tls$ZZZ                DATA
 0002:00027b20 00001770H .xdata$x                DATA
 0002:00029290 00000000H .edata                  DATA
 0002:00029290 000000f0H .idata$2                DATA
 0002:00029380 00000014H .idata$3                DATA
 0002:00029394 000002f0H .idata$4                DATA
 0002:00029684 000016dcH .idata$6                DATA
 0003:00000000 00000124H .data                   DATA
 0003:00000124 000000bcH .data$r                 DATA
 0003:000001e0 000003b8H .data$rs                DATA
 0003:00000598 0007917cH .bss                    DATA
 0004:00000000 00000060H .rsrc$01                DATA
 0004:00000060 00000180H .rsrc$02                DATA

  Address         Publics by Value              Rva+Base       Lib:Object

 0000:00000000       ___AbsoluteZero            00000000     <absolute>
 0000:00000000       ___arm64x_extra_rfe_table  00000000     <absolute>
 0000:00000000       ___arm64x_extra_rfe_table_size 00000000     <absolute>
 0000:00000000       ___arm64x_native_entrypoint 00000000     <absolute>
 0000:00000000       ___arm64x_redirection_metadata 00000000     <absolute>
 0000:00000000       ___arm64x_redirection_metadata_count 00000000     <absolute>
 0000:00000000       ___dynamic_value_reloc_table 00000000     <absolute>
 0000:00000000       ___enclave_config          00000000     <absolute>
 0000:00000000       ___guard_check_icall_a64n_fptr 00000000     <absolute>
 0000:00000000       ___guard_eh_cont_count     00000000     <absolute>
 0000:00000000       ___guard_eh_cont_table     00000000     <absolute>
 0000:00000000       ___guard_fids_count        00000000     <absolute>
 0000:00000000       ___guard_fids_table        00000000     <absolute>
 0000:00000000       ___guard_iat_count         00000000     <absolute>
 0000:00000000       ___guard_iat_table         00000000     <absolute>
 0000:00000000       ___guard_longjmp_count     00000000     <absolute>
 0000:00000000       ___guard_longjmp_table     00000000     <absolute>
 0000:00000000       ___hybrid_auxiliary_delayload_iat 00000000     <absolute>
 0000:00000000       ___hybrid_auxiliary_delayload_iat_copy 00000000     <absolute>
 0000:00000000       ___hybrid_auxiliary_iat    00000000     <absolute>
 0000:00000000       ___hybrid_auxiliary_iat_copy 00000000     <absolute>
 0000:00000000       ___hybrid_code_map         00000000     <absolute>
 0000:00000000       ___hybrid_code_map_count   00000000     <absolute>
 0000:00000000       ___hybrid_image_info_bitfield 00000000     <absolute>
 0000:00000000       ___x64_code_ranges_to_entry_points 00000000     <absolute>
 0000:00000000       ___x64_code_ranges_to_entry_points_count 00000000     <absolute>
 0000:0000002c       __tls_array                0000002c     <absolute>
 0000:00000081       ___safe_se_handler_count   00000081     <absolute>
 0000:00000100       ___guard_flags             00000100     <absolute>
 0000:00000000       ___ImageBase               10000000     <linker-defined>
 0001:000004c0       ??$?0$$QAV?$basic_string@DU?$char_traits@D@std@@V?$allocator@D@2@@std@@$$Z$$V@?$pair@$$CBV?$basic_string@DU?$char_traits@D@std@@V?$allocator@D@2@@std@@V?$shared_ptr@UNode@NetvarTree@@@2@@std@@QAE@Upiecewise_construct_t@1@V?$tuple@$$QAV?$basic_string@DU?$char_traits@D@std@@V?$allocator@D@2@@std@@@1@V?$tuple@$$V@1@@Z 100014c0 f i EnginePrediction.obj
 0001:00000500       ??$?0$$V@?$_Compressed_pair@V?$allocator@D@std@@V?$_String_val@U?$_Simple_types@D@std@@@2@$00@std@@QAE@U_Zero_then_variadic_args_t@1@@Z 10001500 f i EnginePrediction.obj
 0001:00000530       ??$?0AAPAU?$_List_node@U?$pair@$$CBII@std@@PAX@std@@_N$0A@@?$pair@PAU?$_List_node@U?$pair@$$CBII@std@@PAX@std@@_N@std@@QAE@AAPAU?$_List_node@U?$pair@$$CBII@std@@PAX@1@$$QA_N@Z 10001530 f i Resolver.obj
 0001:00000530       ??$?0AAPAU?$_List_node@U?$pair@$$CBV?$basic_string@DU?$char_traits@D@std@@V?$allocator@D@2@@std@@V?$shared_ptr@UNode@NetvarTree@@@2@@std@@PAX@std@@_N$0A@@?$pair@PAU?$_List_node@U?$pair@$$CBV?$basic_string@DU?$char_traits@D@std@@V?$allocator@D@2@@std@@V?$shared_ptr@UNode@NetvarTree@@@2@@std@@PAX@std@@_N@std@@QAE@AAPAU?$_List_node@U?$pair@$$CBV?$basic_string@DU?$char_traits@D@std@@V?$allocator@D@2@@std@@V?$shared_ptr@UNode@NetvarTree@@@2@@std@@PAX@1@$$QA_N@Z 10001530 f i EnginePrediction.obj
 0001:00000530       ??$?0PAU?$_List_node@U?$pair@$$CBII@std@@PAX@std@@_N$0A@@?$pair@PAU?$_List_node@U?$pair@$$CBII@std@@PAX@std@@_N@std@@QAE@$$QAPAU?$_List_node@U?$pair@$$CBII@std@@PAX@1@$$QA_N@Z 10001530 f i Resolver.obj
 0001:00000530       ??$?0PAU?$_List_node@U?$pair@$$CBV?$basic_string@DU?$char_traits@D@std@@V?$allocator@D@2@@std@@V?$shared_ptr@UNode@NetvarTree@@@2@@std@@PAX@std@@_N$0A@@?$pair@PAU?$_List_node@U?$pair@$$CBV?$basic_string@DU?$char_traits@D@std@@V?$allocator@D@2@@std@@V?$shared_ptr@UNode@NetvarTree@@@2@@std@@PAX@std@@_N@std@@QAE@$$QAPAU?$_List_node@U?$pair@$$CBV?$basic_string@DU?$char_traits@D@std@@V?$allocator@D@2@@std@@V?$shared_ptr@UNode@NetvarTree@@@2@@std@@PAX@1@$$QA_N@Z 10001530 f i EnginePrediction.obj
 0001:00000560       ??$?0ABUpiecewise_construct_t@std@@V?$tuple@$$QAV?$basic_string@DU?$char_traits@D@std@@V?$allocator@D@2@@std@@@1@V?$tuple@$$V@1@@?$_List_node_emplace_op2@V?$allocator@U?$_List_node@U?$pair@$$CBV?$basic_string@DU?$char_traits@D@std@@V?$allocator@D@2@@std@@V?$shared_ptr@UNode@NetvarTree@@@2@@std@@PAX@std@@@std@@@std@@QAE@AAV?$allocator@U?$_List_node@U?$pair@$$CBV?$basic_string@DU?$char_traits@D@std@@V?$allocator@D@2@@std@@V?$shared_ptr@UNode@NetvarTree@@@2@@std@@PAX@std@@@1@ABUpiecewise_construct_t@1@$$QAV?$tuple@$$QAV?$basic_string@DU?$char_traits@D@std@@V?$allocator@D@2@@std@@@1@$$QAV?$tuple@$$V@1@@Z 10001560 f i EnginePrediction.obj
 0001:00000600       ??$?0ABV?$allocator@U?$pair@$$CBII@std@@@std@@$$V@?$_Compressed_pair@V?$allocator@U?$_List_node@U?$pair@$$CBII@std@@PAX@std@@@std@@V?$_List_val@U?$_List_simple_types@U?$pair@$$CBII@std@@@std@@@2@$00@std@@QAE@U_One_then_variadic_args_t@1@ABV?$allocator@U?$pair@$$CBII@std@@@1@@Z 10001600 f i EnginePrediction.obj
 0001:00000600       ??$?0ABV?$allocator@U?$pair@$$CBV?$basic_string@DU?$char_traits@D@std@@V?$allocator@D@2@@std@@V?$shared_ptr@UNode@NetvarTree@@@2@@std@@@std@@$$V@?$_Compressed_pair@V?$allocator@U?$_List_node@U?$pair@$$CBV?$basic_string@DU?$char_traits@D@std@@V?$allocator@D@2@@std@@V?$shared_ptr@UNode@NetvarTree@@@2@@std@@PAX@std@@@std@@V?$_List_val@U?$_List_simple_types@U?$pair@$$CBV?$basic_string@DU?$char_traits@D@std@@V?$allocator@D@2@@std@@V?$shared_ptr@UNode@NetvarTree@@@2@@std@@@std@@@2@$00@std@@QAE@U_One_then_variadic_args_t@1@ABV?$allocator@U?$pair@$$CBV?$basic_string@DU?$char_traits@D@std@@V?$allocator@D@2@@std@@V?$shared_ptr@UNode@NetvarTree@@@2@@std@@@1@@Z 10001600 f i NetvarManager.obj
 0001:00000630       ??$?0ABV?$allocator@U?$pair@$$CBII@std@@@std@@$$V@?$_Compressed_pair@V?$allocator@V?$_List_unchecked_iterator@V?$_List_val@U?$_List_simple_types@U?$pair@$$CBII@std@@@std@@@std@@@std@@@std@@V?$_Vector_val@U?$_Simple_types@V?$_List_unchecked_iterator@V?$_List_val@U?$_List_simple_types@U?$pair@$$CBII@std@@@std@@@std@@@std@@@std@@@2@$00@std@@QAE@U_One_then_variadic_args_t@1@ABV?$allocator@U?$pair@$$CBII@std@@@1@@Z 10001630 f i EnginePrediction.obj
 0001:00000630       ??$?0ABV?$allocator@U?$pair@$$CBV?$basic_string@DU?$char_traits@D@std@@V?$allocator@D@2@@std@@V?$shared_ptr@UNode@NetvarTree@@@2@@std@@@std@@$$V@?$_Compressed_pair@V?$allocator@V?$_List_unchecked_iterator@V?$_List_val@U?$_List_simple_types@U?$pair@$$CBV?$basic_string@DU?$char_traits@D@std@@V?$allocator@D@2@@std@@V?$shared_ptr@UNode@NetvarTree@@@2@@std@@@std@@@std@@@std@@@std@@V?$_Vector_val@U?$_Simple_types@V?$_List_unchecked_iterator@V?$_List_val@U?$_List_simple_types@U?$pair@$$CBV?$basic_string@DU?$char_traits@D@std@@V?$allocator@D@2@@std@@V?$shared_ptr@UNode@NetvarTree@@@2@@std@@@std@@@std@@@std@@@std@@@2@$00@std@@QAE@U_One_then_variadic_args_t@1@ABV?$allocator@U?$pair@$$CBV?$basic_string@DU?$char_traits@D@std@@V?$allocator@D@2@@std@@V?$shared_ptr@UNode@NetvarTree@@@2@@std@@@1@@Z 10001630 f i NetvarManager.obj
 0001:00000660       ??$?0ABV?$allocator@U?$pair@$$CBII@std@@@std@@$0A@@?$_Hash_vec@V?$allocator@V?$_List_unchecked_iterator@V?$_List_val@U?$_List_simple_types@U?$pair@$$CBII@std@@@std@@@std@@@std@@@std@@@std@@QAE@ABV?$allocator@U?$pair@$$CBII@std@@@1@@Z 10001660 f i EnginePrediction.obj
 0001:00000660       ??$?0ABV?$allocator@U?$pair@$$CBV?$basic_string@DU?$char_traits@D@std@@V?$allocator@D@2@@std@@V?$shared_ptr@UNode@NetvarTree@@@2@@std@@@std@@$0A@@?$_Hash_vec@V?$allocator@V?$_List_unchecked_iterator@V?$_List_val@U?$_List_simple_types@U?$pair@$$CBV?$basic_string@DU?$char_traits@D@std@@V?$allocator@D@2@@std@@V?$shared_ptr@UNode@NetvarTree@@@2@@std@@@std@@@std@@@std@@@std@@@std@@QAE@ABV?$allocator@U?$pair@$$CBV?$basic_string@DU?$char_traits@D@std@@V?$allocator@D@2@@std@@V?$shared_ptr@UNode@NetvarTree@@@2@@std@@@1@@Z 10001660 f i NetvarManager.obj
 0001:000006b0       ??$?0AAPAI@?$_Compressed_pair@U?$default_delete@$$BY0A@I@std@@PAI$00@std@@QAE@U_Zero_then_variadic_args_t@1@AAPAI@Z 100016b0 f i Hooks.obj
 0001:000006b0       ??$?0AAPAVNetvarTree@@@?$_Compressed_pair@U?$default_delete@VNetvarTree@@@std@@PAVNetvarTree@@$00@std@@QAE@U_Zero_then_variadic_args_t@1@AAPAVNetvarTree@@@Z 100016b0 f i Hooks.obj
 0001:000006b0       ??$?0AAPAVVMTHook@@@?$_Compressed_pair@U?$default_delete@VVMTHook@@@std@@PAVVMTHook@@$00@std@@QAE@U_Zero_then_variadic_args_t@1@AAPAVVMTHook@@@Z 100016b0 f i Hooks.obj
 0001:000006b0       ??$?0AAPAV_Facet_base@std@@@?$_Compressed_pair@U?$default_delete@V_Facet_base@std@@@std@@PAV_Facet_base@2@$00@std@@QAE@U_Zero_then_variadic_args_t@1@AAPAV_Facet_base@1@@Z 100016b0 f i Hooks.obj
 0001:000006b0       ??$?0M@?$_Compressed_pair@U?$equal_to@I@std@@M$00@std@@QAE@U_Zero_then_variadic_args_t@1@$$QAM@Z 100016b0 f i EnginePrediction.obj
 0001:000006b0       ??$?0M@?$_Compressed_pair@U?$equal_to@V?$basic_string@DU?$char_traits@D@std@@V?$allocator@D@2@@std@@@std@@M$00@std@@QAE@U_Zero_then_variadic_args_t@1@$$QAM@Z 100016b0 f i NetvarManager.obj
 0001:000006d0       ??$?0U?$pair@$$CBII@std@@@?$allocator@U?$_List_node@U?$pair@$$CBII@std@@PAX@std@@@std@@QAE@ABV?$allocator@U?$pair@$$CBII@std@@@1@@Z 100016d0 f i EnginePrediction.obj
 0001:000006d0       ??$?0U?$pair@$$CBII@std@@@?$allocator@V?$_List_unchecked_iterator@V?$_List_val@U?$_List_simple_types@U?$pair@$$CBII@std@@@std@@@std@@@std@@@std@@QAE@ABV?$allocator@U?$pair@$$CBII@std@@@1@@Z 100016d0 f i EnginePrediction.obj
 0001:000006d0       ??$?0U?$pair@$$CBV?$basic_string@DU?$char_traits@D@std@@V?$allocator@D@2@@std@@V?$shared_ptr@UNode@NetvarTree@@@2@@std@@@?$allocator@U?$_List_node@U?$pair@$$CBV?$basic_string@DU?$char_traits@D@std@@V?$allocator@D@2@@std@@V?$shared_ptr@UNode@NetvarTree@@@2@@std@@PAX@std@@@std@@QAE@ABV?$allocator@U?$pair@$$CBV?$basic_string@DU?$char_traits@D@std@@V?$allocator@D@2@@std@@V?$shared_ptr@UNode@NetvarTree@@@2@@std@@@1@@Z 100016d0 f i NetvarManager.obj
 0001:000006d0       ??$?0U?$pair@$$CBV?$basic_string@DU?$char_traits@D@std@@V?$allocator@D@2@@std@@V?$shared_ptr@UNode@NetvarTree@@@2@@std@@@?$allocator@V?$_List_unchecked_iterator@V?$_List_val@U?$_List_simple_types@U?$pair@$$CBV?$basic_string@DU?$char_traits@D@std@@V?$allocator@D@2@@std@@V?$shared_ptr@UNode@NetvarTree@@@2@@std@@@std@@@std@@@std@@@std@@QAE@ABV?$allocator@U?$pair@$$CBV?$basic_string@DU?$char_traits@D@std@@V?$allocator@D@2@@std@@V?$shared_ptr@UNode@NetvarTree@@@2@@std@@@1@@Z 100016d0 f i NetvarManager.obj
 0001:000006d0       ??$?0ULegitPlayerRecords@@@?$allocator@PAULegitPlayerRecords@@@std@@QAE@ABV?$allocator@ULegitPlayerRecords@@@1@@Z 100016d0 f i Legitbot.obj
 0001:000006d0       ??$?0ULegitPlayerRecords@@@?$allocator@U_Container_proxy@std@@@std@@QAE@ABV?$allocator@ULegitPlayerRecords@@@1@@Z 100016d0 f i Legitbot.obj
 0001:000006d0       ??$?0UPlayerRecords@@@?$allocator@PAUPlayerRecords@@@std@@QAE@ABV?$allocator@UPlayerRecords@@@1@@Z 100016d0 f i LagComp.obj
 0001:000006d0       ??$?0UPlayerRecords@@@?$allocator@U_Container_proxy@std@@@std@@QAE@ABV?$allocator@UPlayerRecords@@@1@@Z 100016d0 f i LagComp.obj
 0001:000006d0       ??$?0U_Exact_args_t@std@@$0A@@?$tuple@$$V@std@@QAE@U_Exact_args_t@1@@Z 100016d0 f i EnginePrediction.obj
 0001:000006d0       ??0?$tuple@$$V@std@@QAE@ABV01@@Z 100016d0 f i EnginePrediction.obj
 0001:000006d0       ??0_Fmt_buffer_traits@std@@QAE@H@Z 100016d0 f i Hooks.obj
 0001:000006e0       ??$?0U_Exact_args_t@std@@I$$V$0A@@?$tuple@$$QAI@std@@QAE@U_Exact_args_t@1@$$QAI@Z 100016e0 f i Resolver.obj
 0001:000006e0       ??$?0U_Exact_args_t@std@@V?$basic_string@DU?$char_traits@D@std@@V?$allocator@D@2@@1@$$V$0A@@?$tuple@$$QAV?$basic_string@DU?$char_traits@D@std@@V?$allocator@D@2@@std@@@std@@QAE@U_Exact_args_t@1@$$QAV?$basic_string@DU?$char_traits@D@std@@V?$allocator@D@2@@1@@Z 100016e0 f i EnginePrediction.obj
 0001:00000720       ??$?0U_Zero_then_variadic_args_t@std@@M@?$_Compressed_pair@U?$hash@I@std@@V?$_Compressed_pair@U?$equal_to@I@std@@M$00@2@$00@std@@QAE@U_Zero_then_variadic_args_t@1@$$QAU21@$$QAM@Z 10001720 f i EnginePrediction.obj
 0001:00000720       ??$?0U_Zero_then_variadic_args_t@std@@M@?$_Compressed_pair@U?$hash@V?$basic_string@DU?$char_traits@D@std@@V?$allocator@D@2@@std@@@std@@V?$_Compressed_pair@U?$equal_to@V?$basic_string@DU?$char_traits@D@std@@V?$allocator@D@2@@std@@@std@@M$00@2@$00@std@@QAE@U_Zero_then_variadic_args_t@1@$$QAU21@$$QAM@Z 10001720 f i NetvarManager.obj
 0001:00000750       ??$?0ABV?$allocator@D@std@@$$V@?$_Compressed_pair@V?$allocator@D@std@@V?$_String_val@U?$_Simple_types@D@std@@@2@$00@std@@QAE@U_One_then_variadic_args_t@1@ABV?$allocator@D@1@@Z 10001750 f i Menu.obj
 0001:00000750       ??$?0V?$allocator@D@std@@$$V@?$_Compressed_pair@V?$allocator@D@std@@V?$_String_val@U?$_Simple_types@D@std@@@2@$00@std@@QAE@U_One_then_variadic_args_t@1@$$QAV?$allocator@D@1@@Z 10001750 f i EnginePrediction.obj
 0001:00000770       ??$?0I$$V$0A@@?$tuple@$$QAI@std@@QAE@$$QAI@Z 10001770 f i Resolver.obj
 0001:00000770       ??$?0V?$basic_string@DU?$char_traits@D@std@@V?$allocator@D@2@@std@@$$V$0A@@?$tuple@$$QAV?$basic_string@DU?$char_traits@D@std@@V?$allocator@D@2@@std@@@std@@QAE@$$QAV?$basic_string@DU?$char_traits@D@std@@V?$allocator@D@2@@1@@Z 10001770 f i EnginePrediction.obj
 0001:000007d0       ??$?0I@?$_Tuple_val@$$QAI@std@@QAE@$$QAI@Z 100017d0 f i Resolver.obj
 0001:000007d0       ??$?0V?$basic_string@DU?$char_traits@D@std@@V?$allocator@D@2@@std@@@?$_Tuple_val@$$QAV?$basic_string@DU?$char_traits@D@std@@V?$allocator@D@2@@std@@@std@@QAE@$$QAV?$basic_string@DU?$char_traits@D@std@@V?$allocator@D@2@@1@@Z 100017d0 f i EnginePrediction.obj
 0001:000007d0       ??0?$_Back_insert_iterator_container_access@V?$basic_string@DU?$char_traits@D@std@@V?$allocator@D@2@@std@@@std@@QAE@V?$back_insert_iterator@V?$basic_string@DU?$char_traits@D@std@@V?$allocator@D@2@@std@@@1@@Z 100017d0 f i Hooks.obj
 0001:000007d0       ??0?$_Precision_adapter@DAAV?$_Specs_checker@V?$_Specs_handler@V?$basic_format_parse_context@D@std@@V?$basic_format_context@V?$back_insert_iterator@V?$_Fmt_buffer@D@std@@@std@@D@2@@std@@@std@@@std@@QAE@AAV?$_Specs_checker@V?$_Specs_handler@V?$basic_format_parse_context@D@std@@V?$basic_format_context@V?$back_insert_iterator@V?$_Fmt_buffer@D@std@@@std@@D@2@@std@@@1@@Z 100017d0 f i Hooks.obj
 0001:000007d0       ??0?$_Specs_setter@D@std@@QAE@AAU?$_Basic_format_specs@D@1@@Z 100017d0 f i Hooks.obj
 0001:000007d0       ??0?$_String_view_iterator@U?$char_traits@D@std@@@std@@AAE@QBD@Z 100017d0 f i Hooks.obj
 0001:000007d0       ??0?$_Width_adapter@DAAV?$_Specs_checker@V?$_Specs_handler@V?$basic_format_parse_context@D@std@@V?$basic_format_context@V?$back_insert_iterator@V?$_Fmt_buffer@D@std@@@std@@D@2@@std@@@std@@@std@@QAE@AAV?$_Specs_checker@V?$_Specs_handler@V?$basic_format_parse_context@D@std@@V?$basic_format_context@V?$back_insert_iterator@V?$_Fmt_buffer@D@std@@@std@@D@2@@std@@@1@@Z 100017d0 f i Hooks.obj
 0001:000007d0       ??0_Clear_guard@?$_Hash@V?$_Umap_traits@IIV?$_Uhash_compare@IU?$hash@I@std@@U?$equal_to@I@2@@std@@V?$allocator@U?$pair@$$CBII@std@@@2@$0A@@std@@@std@@QAE@QAV12@@Z 100017d0 f i Resolver.obj
 0001:000007d0       ??0_Clear_guard@?$_Hash@V?$_Umap_traits@V?$basic_string@DU?$char_traits@D@std@@V?$allocator@D@2@@std@@V?$shared_ptr@UNode@NetvarTree@@@2@V?$_Uhash_compare@V?$basic_string@DU?$char_traits@D@std@@V?$allocator@D@2@@std@@U?$hash@V?$basic_string@DU?$char_traits@D@std@@V?$allocator@D@2@@std@@@2@U?$equal_to@V?$basic_string@DU?$char_traits@D@std@@V?$allocator@D@2@@std@@@2@@2@V?$allocator@U?$pair@$$CBV?$basic_string@DU?$char_traits@D@std@@V?$allocator@D@2@@std@@V?$shared_ptr@UNode@NetvarTree@@@2@@std@@@2@$0A@@std@@@std@@QAE@QAV12@@Z 100017d0 f i EnginePrediction.obj
 0001:000007f0       ??$?0V?$tuple@$$QAV?$basic_string@DU?$char_traits@D@std@@V?$allocator@D@2@@std@@@std@@V?$tuple@$$V@1@$0A@$$Z$S@?$pair@$$CBV?$basic_string@DU?$char_traits@D@std@@V?$allocator@D@2@@std@@V?$shared_ptr@UNode@NetvarTree@@@2@@std@@AAE@AAV?$tuple@$$QAV?$basic_string@DU?$char_traits@D@std@@V?$allocator@D@2@@std@@@1@AAV?$tuple@$$V@1@U?$integer_sequence@I$0A@@1@U?$integer_sequence@I$S@1@@Z 100017f0 f i EnginePrediction.obj
 0001:00000840       ??$?8DU?$char_traits@D@std@@V?$allocator@D@1@@std@@YA_NABV?$basic_string@DU?$char_traits@D@std@@V?$allocator@D@2@@0@0@Z 10001840 f i EnginePrediction.obj
 0001:00000860       ??$?CUNode@NetvarTree@@$0A@@?$shared_ptr@UNode@NetvarTree@@@std@@QBEPAUNode@NetvarTree@@XZ 10001860 f i EnginePrediction.obj
 0001:00000860       ?_Unwrapped@?$_Array_iterator@M$0BI@@std@@QBEPAMXZ 10001860 f i Hooks.obj
 0001:00000860       ?_Unwrapped@?$_Array_iterator@VAnimationLayer@@$0N@@std@@QBEPAVAnimationLayer@@XZ 10001860 f i Hooks.obj
 0001:00000880       ??$?RV?$basic_string@DU?$char_traits@D@std@@V?$allocator@D@2@@std@@@?$_Uhash_compare@V?$basic_string@DU?$char_traits@D@std@@V?$allocator@D@2@@std@@U?$hash@V?$basic_string@DU?$char_traits@D@std@@V?$allocator@D@2@@std@@@2@U?$equal_to@V?$basic_string@DU?$char_traits@D@std@@V?$allocator@D@2@@std@@@2@@std@@QBEIABV?$basic_string@DU?$char_traits@D@std@@V?$allocator@D@2@@1@@Z 10001880 f i EnginePrediction.obj
 0001:000008b0       ??$?RV?$basic_string@DU?$char_traits@D@std@@V?$allocator@D@2@@std@@V01@@?$_Uhash_compare@V?$basic_string@DU?$char_traits@D@std@@V?$allocator@D@2@@std@@U?$hash@V?$basic_string@DU?$char_traits@D@std@@V?$allocator@D@2@@std@@@2@U?$equal_to@V?$basic_string@DU?$char_traits@D@std@@V?$allocator@D@2@@std@@@2@@std@@QBE_NABV?$basic_string@DU?$char_traits@D@std@@V?$allocator@D@2@@1@0@Z 100018b0 f i EnginePrediction.obj
 0001:00000900       ??$CallVFunc@$00XPAVC_BaseEntity@@@Utils@@SAXPAXPAVC_BaseEntity@@@Z 10001900 f i EnginePrediction.obj
 0001:00000930       ??$GetOffset@PBD@NetvarTree@@QAEHPBD0@Z 10001930 f i EnginePrediction.obj
 0001:000009e0       ??$GetOffset@PBDPBD@NetvarTree@@QAEHPBD00@Z 100019e0 f i EnginePrediction.obj
 0001:00000a90       ??$GetOffsetRecursive@PBD@NetvarTree@@AAEHAAV?$unordered_map@V?$basic_string@DU?$char_traits@D@std@@V?$allocator@D@2@@std@@V?$shared_ptr@UNode@NetvarTree@@@2@U?$hash@V?$basic_string@DU?$char_traits@D@std@@V?$allocator@D@2@@std@@@2@U?$equal_to@V?$basic_string@DU?$char_traits@D@std@@V?$allocator@D@2@@std@@@2@V?$allocator@U?$pair@$$CBV?$basic_string@DU?$char_traits@D@std@@V?$allocator@D@2@@std@@V?$shared_ptr@UNode@NetvarTree@@@2@@std@@@2@@std@@HPBD1@Z 10001a90 f i EnginePrediction.obj
 0001:00000b40       ??$GetVFunc@P6EAAVVector@@PAX@Z@Utils@@SAP6EAAVVector@@PAX@Z0I@Z 10001b40 f i CEntity.obj
 0001:00000b40       ??$GetVFunc@P6EIPAX@Z@Utils@@SAP6EIPAX@Z0I@Z 10001b40 f i Hooks.obj
 0001:00000b40       ??$GetVFunc@P6EMPAX@Z@Utils@@SAP6EMPAX@Z0I@Z 10001b40 f i Aimbot.obj
 0001:00000b40       ??$GetVFunc@P6EPAVIMaterial@@PAXPBD1_N1@Z@Utils@@SAP6EPAVIMaterial@@PAXPBD1_N1@Z0I@Z 10001b40 f i Hooks.obj
 0001:00000b40       ??$GetVFunc@P6EPBDPAVIPanel@@I@Z@Utils@@SAP6EPBDPAVIPanel@@I@ZPAXI@Z 10001b40 f i Hooks.obj
 0001:00000b40       ??$GetVFunc@P6EXPAX@Z@Utils@@SAP6EXPAX@Z0I@Z 10001b40 f i EnginePrediction.obj
 0001:00000b40       ??$GetVFunc@P6EXPAXAAVVector@@@Z@Utils@@SAP6EXPAXAAVVector@@@Z0I@Z 10001b40 f i Aimbot.obj
 0001:00000b40       ??$GetVFunc@P6EXPAXH@Z@Utils@@SAP6EXPAXH@Z0I@Z 10001b40 f i Hooks.obj
 0001:00000b40       ??$GetVFunc@P6EXPAXHH@Z@Utils@@SAP6EXPAXHH@Z0I@Z 10001b40 f i Menu.obj
 0001:00000b40       ??$GetVFunc@P6EXPAXHHHH@Z@Utils@@SAP6EXPAXHHHH@Z0I@Z 10001b40 f i Hooks.obj
 0001:00000b40       ??$GetVFunc@P6EXPAXHPAUVertex_t@@_N@Z@Utils@@SAP6EXPAXHPAUVertex_t@@_N@Z0I@Z 10001b40 f i Menu.obj
 0001:00000b40       ??$GetVFunc@P6EXPAXK@Z@Utils@@SAP6EXPAXK@Z0I@Z 10001b40 f i Menu.obj
 0001:00000b40       ??$GetVFunc@P6EXPAXKPBDHHHHHHH@Z@Utils@@SAP6EXPAXKPBDHHHHHHH@Z0I@Z 10001b40 f i Hooks.obj
 0001:00000b40       ??$GetVFunc@P6EXPAXKPB_WAAH2@Z@Utils@@SAP6EXPAXKPB_WAAH2@Z0I@Z 10001b40 f i Menu.obj
 0001:00000b40       ??$GetVFunc@P6EXPAXPAVIMaterial@@W4OverrideType_t@@H@Z@Utils@@SAP6EXPAXPAVIMaterial@@W4OverrideType_t@@H@Z0I@Z 10001b40 f i Hooks.obj
 0001:00000b40       ??$GetVFunc@P6EXPAXPB_WHH@Z@Utils@@SAP6EXPAXPB_WHH@Z0I@Z 10001b40 f i Menu.obj
 0001:00000b50       ??$GetValue@H@C_BaseEntity@@AAEHH@Z 10001b50 f i EnginePrediction.obj
 0001:00000b50       ??$GetValue@W4EntityFlags@@@C_BaseEntity@@AAE?AW4EntityFlags@@H@Z 10001b50 f i Aimbot.obj
 0001:00000b70       ??$GetValue@VCBaseHandle@@@C_BaseEntity@@AAE?AVCBaseHandle@@H@Z 10001b70 f i EnginePrediction.obj
 0001:00000b90       ??$GetValue@_N@C_BaseEntity@@AAE_NH@Z 10001b90 f i EnginePrediction.obj
 0001:00000bb0       ??$_Adl_verify_range@PADPAD@std@@YAXABQAD0@Z 10001bb0 f i Hooks.obj
 0001:00000bb0       ??$_Adl_verify_range@PAPAULegitPlayerRecords@@PAPAU1@@std@@YAXABQAPAULegitPlayerRecords@@0@Z 10001bb0 f i Legitbot.obj
 0001:00000bb0       ??$_Adl_verify_range@PAPAUPlayerRecords@@PAPAU1@@std@@YAXABQAPAUPlayerRecords@@0@Z 10001bb0 f i LagComp.obj
 0001:00000bb0       ??$_Adl_verify_range@PAV?$_List_unchecked_iterator@V?$_List_val@U?$_List_simple_types@U?$pair@$$CBII@std@@@std@@@std@@@std@@PAV12@@std@@YAXABQAV?$_List_unchecked_iterator@V?$_List_val@U?$_List_simple_types@U?$pair@$$CBII@std@@@std@@@std@@@0@0@Z 10001bb0 f i EnginePrediction.obj
 0001:00000bb0       ??$_Adl_verify_range@PAV?$_List_unchecked_iterator@V?$_List_val@U?$_List_simple_types@U?$pair@$$CBV?$basic_string@DU?$char_traits@D@std@@V?$allocator@D@2@@std@@V?$shared_ptr@UNode@NetvarTree@@@2@@std@@@std@@@std@@@std@@PAV12@@std@@YAXABQAV?$_List_unchecked_iterator@V?$_List_val@U?$_List_simple_types@U?$pair@$$CBV?$basic_string@DU?$char_traits@D@std@@V?$allocator@D@2@@std@@V?$shared_ptr@UNode@NetvarTree@@@2@@std@@@std@@@std@@@0@0@Z 10001bb0 f i EnginePrediction.obj
 0001:00000bb0       ??$_Adl_verify_range@PAVAnimationLayer@@PAV1@@std@@YAXABQAVAnimationLayer@@0@Z 10001bb0 f i Hooks.obj
 0001:00000bb0       ??$_Adl_verify_range@PBDPBD@std@@YAXABQBD0@Z 10001bb0 f i Hooks.obj
 0001:00000bb0       ??$_Adl_verify_range@PBIPBI@std@@YAXABQBI0@Z 10001bb0 f i Hooks.obj
 0001:00000bb0       ??$_Adl_verify_range@PB_KPB_K@std@@YAXABQB_K0@Z 10001bb0 f i Hooks.obj
 0001:00000bb0       ??$_Adl_verify_range@V?$_Array_iterator@M$0BI@@std@@V12@@std@@YAXABV?$_Array_iterator@M$0BI@@0@0@Z 10001bb0 f i Hooks.obj
 0001:00000bb0       ??$_Adl_verify_range@V?$_Array_iterator@VAnimationLayer@@$0N@@std@@V12@@std@@YAXABV?$_Array_iterator@VAnimationLayer@@$0N@@0@0@Z 10001bb0 f i Hooks.obj
 0001:00000bb0       ??$_Adl_verify_range@V?$_Deque_unchecked_iterator@V?$_Deque_val@U?$_Deque_simple_types@ULegitPlayerRecords@@@std@@@std@@@std@@V12@@std@@YAXABV?$_Deque_unchecked_iterator@V?$_Deque_val@U?$_Deque_simple_types@ULegitPlayerRecords@@@std@@@std@@@0@0@Z 10001bb0 f i Legitbot.obj
 0001:00000bb0       ??$_Adl_verify_range@V?$_Deque_unchecked_iterator@V?$_Deque_val@U?$_Deque_simple_types@UPlayerRecords@@@std@@@std@@@std@@V12@@std@@YAXABV?$_Deque_unchecked_iterator@V?$_Deque_val@U?$_Deque_simple_types@UPlayerRecords@@@std@@@std@@@0@0@Z 10001bb0 f i LagComp.obj
 0001:00000bb0       ??$_Adl_verify_range@V?$_String_view_iterator@U?$char_traits@D@std@@@std@@V12@@std@@YAXABV?$_String_view_iterator@U?$char_traits@D@std@@@0@0@Z 10001bb0 f i Hooks.obj
 0001:00000bb0       ??$_Destroy_in_place@PAD@std@@YAXAAPAD@Z 10001bb0 f i EnginePrediction.obj
 0001:00000bb0       ??$_Destroy_in_place@PAU?$_List_node@U?$pair@$$CBII@std@@PAX@std@@@std@@YAXAAPAU?$_List_node@U?$pair@$$CBII@std@@PAX@0@@Z 10001bb0 f i EnginePrediction.obj
 0001:00000bb0       ??$_Destroy_in_place@PAU?$_List_node@U?$pair@$$CBV?$basic_string@DU?$char_traits@D@std@@V?$allocator@D@2@@std@@V?$shared_ptr@UNode@NetvarTree@@@2@@std@@PAX@std@@@std@@YAXAAPAU?$_List_node@U?$pair@$$CBV?$basic_string@DU?$char_traits@D@std@@V?$allocator@D@2@@std@@V?$shared_ptr@UNode@NetvarTree@@@2@@std@@PAX@0@@Z 10001bb0 f i EnginePrediction.obj
 0001:00000bb0       ??$_Destroy_in_place@PAULegitPlayerRecords@@@std@@YAXAAPAULegitPlayerRecords@@@Z 10001bb0 f i Legitbot.obj
 0001:00000bb0       ??$_Destroy_in_place@PAUPlayerRecords@@@std@@YAXAAPAUPlayerRecords@@@Z 10001bb0 f i LagComp.obj
 0001:00000bb0       ??$_Destroy_range@PAPAULegitPlayerRecords@@PAPAU1@@std@@YAXPAPAULegitPlayerRecords@@QAPAU1@@Z 10001bb0 f i Legitbot.obj
 0001:00000bb0       ??$_Destroy_range@PAPAUPlayerRecords@@PAPAU1@@std@@YAXPAPAUPlayerRecords@@QAPAU1@@Z 10001bb0 f i LagComp.obj
 0001:00000bb0       ??$_Destroy_range@PAV?$_List_unchecked_iterator@V?$_List_val@U?$_List_simple_types@U?$pair@$$CBII@std@@@std@@@std@@@std@@PAV12@@std@@YAXPAV?$_List_unchecked_iterator@V?$_List_val@U?$_List_simple_types@U?$pair@$$CBII@std@@@std@@@std@@@0@QAV10@@Z 10001bb0 f i EnginePrediction.obj
 0001:00000bb0       ??$_Destroy_range@PAV?$_List_unchecked_iterator@V?$_List_val@U?$_List_simple_types@U?$pair@$$CBV?$basic_string@DU?$char_traits@D@std@@V?$allocator@D@2@@std@@V?$shared_ptr@UNode@NetvarTree@@@2@@std@@@std@@@std@@@std@@PAV12@@std@@YAXPAV?$_List_unchecked_iterator@V?$_List_val@U?$_List_simple_types@U?$pair@$$CBV?$basic_string@DU?$char_traits@D@std@@V?$allocator@D@2@@std@@V?$shared_ptr@UNode@NetvarTree@@@2@@std@@@std@@@std@@@0@QAV10@@Z 10001bb0 f i EnginePrediction.obj
 0001:00000bb0       ??$_Destroy_range@V?$allocator@H@std@@@std@@YAXPAHQAHAAV?$allocator@H@0@@Z 10001bb0 f i Aimbot.obj
 0001:00000bb0       ??$_Destroy_range@V?$allocator@PAV?$ConfigValue@H@@@std@@@std@@YAXPAPAV?$ConfigValue@H@@QAPAV1@AAV?$allocator@PAV?$ConfigValue@H@@@0@@Z 10001bb0 f i TGFCfg.obj
 0001:00000bb0       ??$_Destroy_range@V?$allocator@PAV?$ConfigValue@M@@@std@@@std@@YAXPAPAV?$ConfigValue@M@@QAPAV1@AAV?$allocator@PAV?$ConfigValue@M@@@0@@Z 10001bb0 f i TGFCfg.obj
 0001:00000bb0       ??$_Destroy_range@V?$allocator@PAV?$ConfigValue@_N@@@std@@@std@@YAXPAPAV?$ConfigValue@_N@@QAPAV1@AAV?$allocator@PAV?$ConfigValue@_N@@@0@@Z 10001bb0 f i TGFCfg.obj
 0001:00000bb0       ??$_Pocca@V?$allocator@D@std@@@std@@YAXAAV?$allocator@D@0@ABV10@@Z 10001bb0 f i Menu.obj
 0001:00000bb0       ??$_Pocma@V?$allocator@D@std@@@std@@YAXAAV?$allocator@D@0@0@Z 10001bb0 f i Hooks.obj
 0001:00000bb0       ??$destroy_at@U?$pair@$$CBII@std@@@std@@YAXQAU?$pair@$$CBII@0@@Z 10001bb0 f i EnginePrediction.obj
 0001:00000bb0       ??$destroy_at@ULegitPlayerRecords@@@std@@YAXQAULegitPlayerRecords@@@Z 10001bb0 f i Legitbot.obj
 0001:00000bb0       ??$destroy_at@UPlayerRecords@@@std@@YAXQAUPlayerRecords@@@Z 10001bb0 f i LagComp.obj
 0001:00000bb0       ?Log@Utils@@SAXABV?$basic_string@DU?$char_traits@D@std@@V?$allocator@D@2@@std@@ZZ 10001bb0 f i Hooks.obj
 0001:00000bb0       ?_You_see_this_error_because_arg_id_is_out_of_range@std@@YAXXZ 10001bb0 f i Hooks.obj
 0001:00000bc0       ??$_Allocate@$07U_Default_allocate_traits@std@@@std@@YAPAXI@Z 10001bc0 f i EnginePrediction.obj
 0001:00000c10       ??$_Allocate_at_least_helper@V?$allocator@D@std@@@std@@YAPADAAV?$allocator@D@0@AAI@Z 10001c10 f i EnginePrediction.obj
 0001:00000c30       ??$_Allocate_for_capacity@$0A@@?$basic_string@DU?$char_traits@D@std@@V?$allocator@D@2@@std@@CAPADAAV?$allocator@D@1@AAI@Z 10001c30 f i EnginePrediction.obj
 0001:00000cc0       ??$_Allocate_manually_vector_aligned@U_Default_allocate_traits@std@@@std@@YAPAXI@Z 10001cc0 f i EnginePrediction.obj
 0001:00000d30       ??$_Construct@$00PAD@?$basic_string@DU?$char_traits@D@std@@V?$allocator@D@2@@std@@AAEXQADI@Z 10001d30 f i Menu.obj
 0001:00000d30       ??$_Construct@$00PBD@?$basic_string@DU?$char_traits@D@std@@V?$allocator@D@2@@std@@AAEXQBDI@Z 10001d30 f i EnginePrediction.obj
 0001:00000e70       ??$_Construct_in_place@HH@std@@YAXAAH$$QAH@Z 10001e70 f i Aimbot.obj
 0001:00000e70       ??$_Construct_in_place@PADAAPAD@std@@YAXAAPAD0@Z 10001e70 f i EnginePrediction.obj
 0001:00000e70       ??$_Construct_in_place@PADABQAD@std@@YAXAAPADABQAD@Z 10001e70 f i EnginePrediction.obj
 0001:00000e70       ??$_Construct_in_place@PAU?$_List_node@U?$pair@$$CBII@std@@PAX@std@@AAPAU12@@std@@YAXAAPAU?$_List_node@U?$pair@$$CBII@std@@PAX@0@0@Z 10001e70 f i EnginePrediction.obj
 0001:00000e70       ??$_Construct_in_place@PAU?$_List_node@U?$pair@$$CBII@std@@PAX@std@@ABQAU12@@std@@YAXAAPAU?$_List_node@U?$pair@$$CBII@std@@PAX@0@ABQAU10@@Z 10001e70 f i Resolver.obj
 0001:00000e70       ??$_Construct_in_place@PAU?$_List_node@U?$pair@$$CBV?$basic_string@DU?$char_traits@D@std@@V?$allocator@D@2@@std@@V?$shared_ptr@UNode@NetvarTree@@@2@@std@@PAX@std@@AAPAU12@@std@@YAXAAPAU?$_List_node@U?$pair@$$CBV?$basic_string@DU?$char_traits@D@std@@V?$allocator@D@2@@std@@V?$shared_ptr@UNode@NetvarTree@@@2@@std@@PAX@0@0@Z 10001e70 f i NetvarManager.obj
 0001:00000e70       ??$_Construct_in_place@PAU?$_List_node@U?$pair@$$CBV?$basic_string@DU?$char_traits@D@std@@V?$allocator@D@2@@std@@V?$shared_ptr@UNode@NetvarTree@@@2@@std@@PAX@std@@ABQAU12@@std@@YAXAAPAU?$_List_node@U?$pair@$$CBV?$basic_string@DU?$char_traits@D@std@@V?$allocator@D@2@@std@@V?$shared_ptr@UNode@NetvarTree@@@2@@std@@PAX@0@ABQAU10@@Z 10001e70 f i EnginePrediction.obj
 0001:00000e70       ??$_Construct_in_place@PAV?$ConfigValue@H@@PAV1@@std@@YAXAAPAV?$ConfigValue@H@@$$QAPAV1@@Z 10001e70 f i TGFCfg.obj
 0001:00000e70       ??$_Construct_in_place@PAV?$ConfigValue@M@@PAV1@@std@@YAXAAPAV?$ConfigValue@M@@$$QAPAV1@@Z 10001e70 f i TGFCfg.obj
 0001:00000e70       ??$_Construct_in_place@PAV?$ConfigValue@_N@@PAV1@@std@@YAXAAPAV?$ConfigValue@_N@@$$QAPAV1@@Z 10001e70 f i TGFCfg.obj
 0001:00000ed0       ??$_Construct_in_place@V?$_List_unchecked_iterator@V?$_List_val@U?$_List_simple_types@U?$pair@$$CBII@std@@@std@@@std@@@std@@ABV12@@std@@YAXAAV?$_List_unchecked_iterator@V?$_List_val@U?$_List_simple_types@U?$pair@$$CBII@std@@@std@@@std@@@0@ABV10@@Z 10001ed0 f i EnginePrediction.obj
 0001:00000ed0       ??$_Construct_in_place@V?$_List_unchecked_iterator@V?$_List_val@U?$_List_simple_types@U?$pair@$$CBV?$basic_string@DU?$char_traits@D@std@@V?$allocator@D@2@@std@@V?$shared_ptr@UNode@NetvarTree@@@2@@std@@@std@@@std@@@std@@ABV12@@std@@YAXAAV?$_List_unchecked_iterator@V?$_List_val@U?$_List_simple_types@U?$pair@$$CBV?$basic_string@DU?$char_traits@D@std@@V?$allocator@D@2@@std@@V?$shared_ptr@UNode@NetvarTree@@@2@@std@@@std@@@std@@@0@ABV10@@Z 10001ed0 f i EnginePrediction.obj
 0001:00000f30       ??$_Choose_literal@D@std@@YAPBDQBDQB_W@Z 10001f30 f i Hooks.obj
 0001:00000f30       ??$_Convert_size@II@std@@YAII@Z 10001f30 f i EnginePrediction.obj
 0001:00000f30       ??$_Get_unwrapped@AAV?$_Deque_unchecked_iterator@V?$_Deque_val@U?$_Deque_simple_types@ULegitPlayerRecords@@@std@@@std@@@std@@@std@@YA?A_TAAV?$_Deque_unchecked_iterator@V?$_Deque_val@U?$_Deque_simple_types@ULegitPlayerRecords@@@std@@@std@@@0@@Z 10001f30 f i Legitbot.obj
 0001:00000f30       ??$_Get_unwrapped@AAV?$_Deque_unchecked_iterator@V?$_Deque_val@U?$_Deque_simple_types@UPlayerRecords@@@std@@@std@@@std@@@std@@YA?A_TAAV?$_Deque_unchecked_iterator@V?$_Deque_val@U?$_Deque_simple_types@UPlayerRecords@@@std@@@std@@@0@@Z 10001f30 f i LagComp.obj
 0001:00000f30       ??$_Get_unwrapped_n@AAV?$_Deque_unchecked_iterator@V?$_Deque_val@U?$_Deque_simple_types@ULegitPlayerRecords@@@std@@@std@@@std@@H@std@@YA?A_TAAV?$_Deque_unchecked_iterator@V?$_Deque_val@U?$_Deque_simple_types@ULegitPlayerRecords@@@std@@@std@@@0@H@Z 10001f30 f i Legitbot.obj
 0001:00000f30       ??$_Get_unwrapped_n@AAV?$_Deque_unchecked_iterator@V?$_Deque_val@U?$_Deque_simple_types@UPlayerRecords@@@std@@@std@@@std@@H@std@@YA?A_TAAV?$_Deque_unchecked_iterator@V?$_Deque_val@U?$_Deque_simple_types@UPlayerRecords@@@std@@@std@@@0@H@Z 10001f30 f i LagComp.obj
 0001:00000f30       ??$_Get_unwrapped_n@V?$back_insert_iterator@V?$_Fmt_buffer@D@std@@@std@@H@std@@YA?A_T$$QAV?$back_insert_iterator@V?$_Fmt_buffer@D@std@@@0@H@Z 10001f30 f i Hooks.obj
 0001:00000f30       ??$_Kfn@$$CBII@?$_Umap_traits@IIV?$_Uhash_compare@IU?$hash@I@std@@U?$equal_to@I@2@@std@@V?$allocator@U?$pair@$$CBII@std@@@2@$0A@@std@@SAABIABU?$pair@$$CBII@1@@Z 10001f30 f i Resolver.obj
 0001:00000f30       ??$_Kfn@$$CBV?$basic_string@DU?$char_traits@D@std@@V?$allocator@D@2@@std@@V?$shared_ptr@UNode@NetvarTree@@@2@@?$_Umap_traits@V?$basic_string@DU?$char_traits@D@std@@V?$allocator@D@2@@std@@V?$shared_ptr@UNode@NetvarTree@@@2@V?$_Uhash_compare@V?$basic_string@DU?$char_traits@D@std@@V?$allocator@D@2@@std@@U?$hash@V?$basic_string@DU?$char_traits@D@std@@V?$allocator@D@2@@std@@@2@U?$equal_to@V?$basic_string@DU?$char_traits@D@std@@V?$allocator@D@2@@std@@@2@@2@V?$allocator@U?$pair@$$CBV?$basic_string@DU?$char_traits@D@std@@V?$allocator@D@2@@std@@V?$shared_ptr@UNode@NetvarTree@@@2@@std@@@2@$0A@@std@@SAABV?$basic_string@DU?$char_traits@D@std@@V?$allocator@D@2@@1@ABU?$pair@$$CBV?$basic_string@DU?$char_traits@D@std@@V?$allocator@D@2@@std@@V?$shared_ptr@UNode@NetvarTree@@@2@@1@@Z 10001f30 f i EnginePrediction.obj
 0001:00000f30       ??$_Refancy@PAD$0A@@std@@YAPADPAD@Z 10001f30 f i Hooks.obj
 0001:00000f30       ??$_Unfancy@$$CBD@std@@YAPBDPBD@Z 10001f30 f i Hooks.obj
 0001:00000f30       ??$_Unfancy@D@std@@YAPADPAD@Z 10001f30 f i EnginePrediction.obj
 0001:00000f30       ??$_Unfancy@H@std@@YAPAHPAH@Z 10001f30 f i Aimbot.obj
 0001:00000f30       ??$_Unfancy@PAV?$ConfigValue@H@@@std@@YAPAPAV?$ConfigValue@H@@PAPAV1@@Z 10001f30 f i TGFCfg.obj
 0001:00000f30       ??$_Unfancy@PAV?$ConfigValue@M@@@std@@YAPAPAV?$ConfigValue@M@@PAPAV1@@Z 10001f30 f i TGFCfg.obj
 0001:00000f30       ??$_Unfancy@PAV?$ConfigValue@_N@@@std@@YAPAPAV?$ConfigValue@_N@@PAPAV1@@Z 10001f30 f i TGFCfg.obj
 0001:00000f30       ??$_Unfancy@ULegitPlayerRecords@@@std@@YAPAULegitPlayerRecords@@PAU1@@Z 10001f30 f i Legitbot.obj
 0001:00000f30       ??$_Unfancy@UPlayerRecords@@@std@@YAPAUPlayerRecords@@PAU1@@Z 10001f30 f i LagComp.obj
 0001:00000f30       ??$_Unfancy@U_Container_proxy@std@@@std@@YAPAU_Container_proxy@0@PAU10@@Z 10001f30 f i LagComp.obj
 0001:00000f30       ??$_Unfancy@V?$basic_string@DU?$char_traits@D@std@@V?$allocator@D@2@@std@@@std@@YAPAV?$basic_string@DU?$char_traits@D@std@@V?$allocator@D@2@@0@PAV10@@Z 10001f30 f i Menu.obj
 0001:00000f30       ??$_Unfancy_maybe_null@H@std@@YAPAHPAH@Z 10001f30 f i Aimbot.obj
 0001:00000f30       ??$_Unfancy_maybe_null@PAV?$ConfigValue@H@@@std@@YAPAPAV?$ConfigValue@H@@PAPAV1@@Z 10001f30 f i TGFCfg.obj
 0001:00000f30       ??$_Unfancy_maybe_null@PAV?$ConfigValue@M@@@std@@YAPAPAV?$ConfigValue@M@@PAPAV1@@Z 10001f30 f i TGFCfg.obj
 0001:00000f30       ??$_Unfancy_maybe_null@PAV?$ConfigValue@_N@@@std@@YAPAPAV?$ConfigValue@_N@@PAPAV1@@Z 10001f30 f i TGFCfg.obj
 0001:00000f30       ??$addressof@$$CBV?$_Deque_val@U?$_Deque_simple_types@ULegitPlayerRecords@@@std@@@std@@@std@@YAPBV?$_Deque_val@U?$_Deque_simple_types@ULegitPlayerRecords@@@std@@@0@ABV10@@Z 10001f30 f i Legitbot.obj
 0001:00000f30       ??$addressof@$$CBV?$_Deque_val@U?$_Deque_simple_types@UPlayerRecords@@@std@@@std@@@std@@YAPBV?$_Deque_val@U?$_Deque_simple_types@UPlayerRecords@@@std@@@0@ABV10@@Z 10001f30 f i LagComp.obj
 0001:00000f30       ??$addressof@$$CBV?$_List_val@U?$_List_simple_types@U?$pair@$$CBV?$basic_string@DU?$char_traits@D@std@@V?$allocator@D@2@@std@@V?$shared_ptr@UNode@NetvarTree@@@2@@std@@@std@@@std@@@std@@YAPBV?$_List_val@U?$_List_simple_types@U?$pair@$$CBV?$basic_string@DU?$char_traits@D@std@@V?$allocator@D@2@@std@@V?$shared_ptr@UNode@NetvarTree@@@2@@std@@@std@@@0@ABV10@@Z 10001f30 f i NetvarManager.obj
 0001:00000f30       ??$addressof@$$CBV?$basic_string@DU?$char_traits@D@std@@V?$allocator@D@2@@std@@@std@@YAPBV?$basic_string@DU?$char_traits@D@std@@V?$allocator@D@2@@0@ABV10@@Z 10001f30 f i Menu.obj
 0001:00000f30       ??$addressof@$$CBV?$basic_string_view@DU?$char_traits@D@std@@@std@@@std@@YAPBV?$basic_string_view@DU?$char_traits@D@std@@@0@ABV10@@Z 10001f30 f i Hooks.obj
 0001:00000f30       ??$addressof@$$CBV?$codecvt@DDU_Mbstatet@@@std@@@std@@YAPBV?$codecvt@DDU_Mbstatet@@@0@ABV10@@Z 10001f30 f i Interfaces.obj
 0001:00000f30       ??$addressof@H@std@@YAPAHAAH@Z 10001f30 f i Aimbot.obj
 0001:00000f30       ??$addressof@PAD@std@@YAPAPADAAPAD@Z 10001f30 f i EnginePrediction.obj
 0001:00000f30       ??$addressof@PAU?$_List_node@U?$pair@$$CBII@std@@PAX@std@@@std@@YAPAPAU?$_List_node@U?$pair@$$CBII@std@@PAX@0@AAPAU10@@Z 10001f30 f i EnginePrediction.obj
 0001:00000f30       ??$addressof@PAU?$_List_node@U?$pair@$$CBV?$basic_string@DU?$char_traits@D@std@@V?$allocator@D@2@@std@@V?$shared_ptr@UNode@NetvarTree@@@2@@std@@PAX@std@@@std@@YAPAPAU?$_List_node@U?$pair@$$CBV?$basic_string@DU?$char_traits@D@std@@V?$allocator@D@2@@std@@V?$shared_ptr@UNode@NetvarTree@@@2@@std@@PAX@0@AAPAU10@@Z 10001f30 f i EnginePrediction.obj
 0001:00000f30       ??$addressof@PAULegitPlayerRecords@@@std@@YAPAPAULegitPlayerRecords@@AAPAU1@@Z 10001f30 f i Legitbot.obj
 0001:00000f30       ??$addressof@PAUPlayerRecords@@@std@@YAPAPAUPlayerRecords@@AAPAU1@@Z 10001f30 f i LagComp.obj
 0001:00000f30       ??$addressof@PAV?$ConfigValue@H@@@std@@YAPAPAV?$ConfigValue@H@@AAPAV1@@Z 10001f30 f i TGFCfg.obj
 0001:00000f30       ??$addressof@PAV?$ConfigValue@M@@@std@@YAPAPAV?$ConfigValue@M@@AAPAV1@@Z 10001f30 f i TGFCfg.obj
 0001:00000f30       ??$addressof@PAV?$ConfigValue@_N@@@std@@YAPAPAV?$ConfigValue@_N@@AAPAV1@@Z 10001f30 f i TGFCfg.obj
 0001:00000f30       ??$addressof@QBD@std@@YAPBQBDABQBD@Z 10001f30 f i Hooks.obj
 0001:00000f30       ??$addressof@U?$_Basic_format_specs@D@std@@@std@@YAPAU?$_Basic_format_specs@D@0@AAU10@@Z 10001f30 f i Hooks.obj
 0001:00000f30       ??$addressof@U?$pair@$$CBII@std@@@std@@YAPAU?$pair@$$CBII@0@AAU10@@Z 10001f30 f i EnginePrediction.obj
 0001:00000f30       ??$addressof@U?$pair@$$CBV?$basic_string@DU?$char_traits@D@std@@V?$allocator@D@2@@std@@V?$shared_ptr@UNode@NetvarTree@@@2@@std@@@std@@YAPAU?$pair@$$CBV?$basic_string@DU?$char_traits@D@std@@V?$allocator@D@2@@std@@V?$shared_ptr@UNode@NetvarTree@@@2@@0@AAU10@@Z 10001f30 f i EnginePrediction.obj
 0001:00000f30       ??$addressof@UNode@NetvarTree@@@std@@YAPAUNode@NetvarTree@@AAU12@@Z 10001f30 f i NetvarManager.obj
 0001:00000f30       ??$addressof@U_Container_proxy@std@@@std@@YAPAU_Container_proxy@0@AAU10@@Z 10001f30 f i LagComp.obj
 0001:00000f30       ??$addressof@V?$_Deque_val@U?$_Deque_simple_types@ULegitPlayerRecords@@@std@@@std@@@std@@YAPAV?$_Deque_val@U?$_Deque_simple_types@ULegitPlayerRecords@@@std@@@0@AAV10@@Z 10001f30 f i Legitbot.obj
 0001:00000f30       ??$addressof@V?$_Deque_val@U?$_Deque_simple_types@UPlayerRecords@@@std@@@std@@@std@@YAPAV?$_Deque_val@U?$_Deque_simple_types@UPlayerRecords@@@std@@@0@AAV10@@Z 10001f30 f i LagComp.obj
 0001:00000f30       ??$addressof@V?$_Fmt_buffer@D@std@@@std@@YAPAV?$_Fmt_buffer@D@0@AAV10@@Z 10001f30 f i Hooks.obj
 0001:00000f30       ??$addressof@V?$_List_unchecked_iterator@V?$_List_val@U?$_List_simple_types@U?$pair@$$CBII@std@@@std@@@std@@@std@@@std@@YAPAV?$_List_unchecked_iterator@V?$_List_val@U?$_List_simple_types@U?$pair@$$CBII@std@@@std@@@std@@@0@AAV10@@Z 10001f30 f i EnginePrediction.obj
 0001:00000f30       ??$addressof@V?$_List_unchecked_iterator@V?$_List_val@U?$_List_simple_types@U?$pair@$$CBV?$basic_string@DU?$char_traits@D@std@@V?$allocator@D@2@@std@@V?$shared_ptr@UNode@NetvarTree@@@2@@std@@@std@@@std@@@std@@@std@@YAPAV?$_List_unchecked_iterator@V?$_List_val@U?$_List_simple_types@U?$pair@$$CBV?$basic_string@DU?$char_traits@D@std@@V?$allocator@D@2@@std@@V?$shared_ptr@UNode@NetvarTree@@@2@@std@@@std@@@std@@@0@AAV10@@Z 10001f30 f i EnginePrediction.obj
 0001:00000f30       ??$addressof@V?$_String_val@U?$_Simple_types@D@std@@@std@@@std@@YAPAV?$_String_val@U?$_Simple_types@D@std@@@0@AAV10@@Z 10001f30 f i EnginePrediction.obj
 0001:00000f30       ??$addressof@V?$basic_filebuf@DU?$char_traits@D@std@@@std@@@std@@YAPAV?$basic_filebuf@DU?$char_traits@D@std@@@0@AAV10@@Z 10001f30 f i Interfaces.obj
 0001:00000f30       ??$addressof@V?$basic_format_context@V?$back_insert_iterator@V?$_Fmt_buffer@D@std@@@std@@D@std@@@std@@YAPAV?$basic_format_context@V?$back_insert_iterator@V?$_Fmt_buffer@D@std@@@std@@D@0@AAV10@@Z 10001f30 f i Hooks.obj
 0001:00000f30       ??$addressof@V?$basic_ostream@DU?$char_traits@D@std@@@std@@@std@@YAPAV?$basic_ostream@DU?$char_traits@D@std@@@0@AAV10@@Z 10001f30 f i Interfaces.obj
 0001:00000f30       ??$addressof@V?$basic_string@DU?$char_traits@D@std@@V?$allocator@D@2@@std@@@std@@YAPAV?$basic_string@DU?$char_traits@D@std@@V?$allocator@D@2@@0@AAV10@@Z 10001f30 f i Hooks.obj
 0001:00000f30       ??$addressof@V?$unique_ptr@$$BY0A@IU?$default_delete@$$BY0A@I@std@@@std@@@std@@YAPAV?$unique_ptr@$$BY0A@IU?$default_delete@$$BY0A@I@std@@@0@AAV10@@Z 10001f30 f i Hooks.obj
 0001:00000f30       ??$forward_as_tuple@$$V@std@@YA?AV?$tuple@$$V@0@XZ 10001f30 f i EnginePrediction.obj
 0001:00000f30       ??$launder@$$CBV?$_Fmt_codec@D$0A@@std@@@std@@YAPBV?$_Fmt_codec@D$0A@@0@PBV10@@Z 10001f30 f i Hooks.obj
 0001:00000f30       ??$to_address@$$CBD@std@@YAPBDQBD@Z 10001f30 f i Hooks.obj
 0001:00000f30       ??$to_address@D@std@@YAPADQAD@Z 10001f30 f i Hooks.obj
 0001:00000f30       ??$to_address@H@std@@YAPAHQAH@Z 10001f30 f i Aimbot.obj
 0001:00000f30       ??$to_address@M@std@@YAPAMQAM@Z 10001f30 f i Hooks.obj
 0001:00000f30       ??$to_address@PAULegitPlayerRecords@@@std@@YAPAPAULegitPlayerRecords@@QAPAU1@@Z 10001f30 f i Legitbot.obj
 0001:00000f30       ??$to_address@PAUPlayerRecords@@@std@@YAPAPAUPlayerRecords@@QAPAU1@@Z 10001f30 f i LagComp.obj
 0001:00000f30       ??$to_address@PAV?$ConfigValue@H@@@std@@YAPAPAV?$ConfigValue@H@@QAPAV1@@Z 10001f30 f i TGFCfg.obj
 0001:00000f30       ??$to_address@PAV?$ConfigValue@M@@@std@@YAPAPAV?$ConfigValue@M@@QAPAV1@@Z 10001f30 f i TGFCfg.obj
 0001:00000f30       ??$to_address@PAV?$ConfigValue@_N@@@std@@YAPAPAV?$ConfigValue@_N@@QAPAV1@@Z 10001f30 f i TGFCfg.obj
 0001:00000f30       ??$to_address@VAnimationLayer@@@std@@YAPAVAnimationLayer@@QAV1@@Z 10001f30 f i Hooks.obj
 0001:00000f30       ?select_on_container_copy_construction@?$_Default_allocator_traits@V?$allocator@D@std@@@std@@SA?AV?$allocator@D@2@ABV32@@Z 10001f30 f i Menu.obj
 0001:00000f40       ??$_Deallocate@$07@std@@YAXPAXI@Z 10001f40 f i EnginePrediction.obj
 0001:00000fc0       ??$_Emplace_back@ABV?$_List_unchecked_iterator@V?$_List_val@U?$_List_simple_types@U?$pair@$$CBII@std@@@std@@@std@@@std@@@?$_Uninitialized_backout@PAV?$_List_unchecked_iterator@V?$_List_val@U?$_List_simple_types@U?$pair@$$CBII@std@@@std@@@std@@@std@@@std@@QAEXABV?$_List_unchecked_iterator@V?$_List_val@U?$_List_simple_types@U?$pair@$$CBII@std@@@std@@@std@@@1@@Z 10001fc0 f i EnginePrediction.obj
 0001:00000fc0       ??$_Emplace_back@ABV?$_List_unchecked_iterator@V?$_List_val@U?$_List_simple_types@U?$pair@$$CBV?$basic_string@DU?$char_traits@D@std@@V?$allocator@D@2@@std@@V?$shared_ptr@UNode@NetvarTree@@@2@@std@@@std@@@std@@@std@@@?$_Uninitialized_backout@PAV?$_List_unchecked_iterator@V?$_List_val@U?$_List_simple_types@U?$pair@$$CBV?$basic_string@DU?$char_traits@D@std@@V?$allocator@D@2@@std@@V?$shared_ptr@UNode@NetvarTree@@@2@@std@@@std@@@std@@@std@@@std@@QAEXABV?$_List_unchecked_iterator@V?$_List_val@U?$_List_simple_types@U?$pair@$$CBV?$basic_string@DU?$char_traits@D@std@@V?$allocator@D@2@@std@@V?$shared_ptr@UNode@NetvarTree@@@2@@std@@@std@@@std@@@1@@Z 10001fc0 f i EnginePrediction.obj
 0001:00000ff0       ??$_Find_last@V?$basic_string@DU?$char_traits@D@std@@V?$allocator@D@2@@std@@@?$_Hash@V?$_Umap_traits@V?$basic_string@DU?$char_traits@D@std@@V?$allocator@D@2@@std@@V?$shared_ptr@UNode@NetvarTree@@@2@V?$_Uhash_compare@V?$basic_string@DU?$char_traits@D@std@@V?$allocator@D@2@@std@@U?$hash@V?$basic_string@DU?$char_traits@D@std@@V?$allocator@D@2@@std@@@2@U?$equal_to@V?$basic_string@DU?$char_traits@D@std@@V?$allocator@D@2@@std@@@2@@2@V?$allocator@U?$pair@$$CBV?$basic_string@DU?$char_traits@D@std@@V?$allocator@D@2@@std@@V?$shared_ptr@UNode@NetvarTree@@@2@@std@@@2@$0A@@std@@@std@@IBE?AU?$_Hash_find_last_result@PAU?$_List_node@U?$pair@$$CBV?$basic_string@DU?$char_traits@D@std@@V?$allocator@D@2@@std@@V?$shared_ptr@UNode@NetvarTree@@@2@@std@@PAX@std@@@1@ABV?$basic_string@DU?$char_traits@D@std@@V?$allocator@D@2@@1@I@Z 10001ff0 f i EnginePrediction.obj
 0001:000010d0       ??$_Free_non_head@V?$allocator@U?$_List_node@U?$pair@$$CBII@std@@PAX@std@@@std@@@?$_List_node@U?$pair@$$CBII@std@@PAX@std@@SAXAAV?$allocator@U?$_List_node@U?$pair@$$CBII@std@@PAX@std@@@1@PAU01@@Z 100020d0 f i EnginePrediction.obj
 0001:00001120       ??$_Free_non_head@V?$allocator@U?$_List_node@U?$pair@$$CBV?$basic_string@DU?$char_traits@D@std@@V?$allocator@D@2@@std@@V?$shared_ptr@UNode@NetvarTree@@@2@@std@@PAX@std@@@std@@@?$_List_node@U?$pair@$$CBV?$basic_string@DU?$char_traits@D@std@@V?$allocator@D@2@@std@@V?$shared_ptr@UNode@NetvarTree@@@2@@std@@PAX@std@@SAXAAV?$allocator@U?$_List_node@U?$pair@$$CBV?$basic_string@DU?$char_traits@D@std@@V?$allocator@D@2@@std@@V?$shared_ptr@UNode@NetvarTree@@@2@@std@@PAX@std@@@1@PAU01@@Z 10002120 f i EnginePrediction.obj
 0001:00001170       ??$_Freenode0@V?$allocator@U?$_List_node@U?$pair@$$CBII@std@@PAX@std@@@std@@@?$_List_node@U?$pair@$$CBII@std@@PAX@std@@SAXAAV?$allocator@U?$_List_node@U?$pair@$$CBII@std@@PAX@std@@@1@PAU01@@Z 10002170 f i EnginePrediction.obj
 0001:000011b0       ??$_Freenode0@V?$allocator@U?$_List_node@U?$pair@$$CBV?$basic_string@DU?$char_traits@D@std@@V?$allocator@D@2@@std@@V?$shared_ptr@UNode@NetvarTree@@@2@@std@@PAX@std@@@std@@@?$_List_node@U?$pair@$$CBV?$basic_string@DU?$char_traits@D@std@@V?$allocator@D@2@@std@@V?$shared_ptr@UNode@NetvarTree@@@2@@std@@PAX@std@@SAXAAV?$allocator@U?$_List_node@U?$pair@$$CBV?$basic_string@DU?$char_traits@D@std@@V?$allocator@D@2@@std@@V?$shared_ptr@UNode@NetvarTree@@@2@@std@@PAX@std@@@1@PAU01@@Z 100021b0 f i EnginePrediction.obj
 0001:000011f0       ??$_Freenode@V?$allocator@U?$_List_node@U?$pair@$$CBII@std@@PAX@std@@@std@@@?$_List_node@U?$pair@$$CBII@std@@PAX@std@@SAXAAV?$allocator@U?$_List_node@U?$pair@$$CBII@std@@PAX@std@@@1@PAU01@@Z 100021f0 f i EnginePrediction.obj
 0001:00001260       ??$_Freenode@V?$allocator@U?$_List_node@U?$pair@$$CBV?$basic_string@DU?$char_traits@D@std@@V?$allocator@D@2@@std@@V?$shared_ptr@UNode@NetvarTree@@@2@@std@@PAX@std@@@std@@@?$_List_node@U?$pair@$$CBV?$basic_string@DU?$char_traits@D@std@@V?$allocator@D@2@@std@@V?$shared_ptr@UNode@NetvarTree@@@2@@std@@PAX@std@@SAXAAV?$allocator@U?$_List_node@U?$pair@$$CBV?$basic_string@DU?$char_traits@D@std@@V?$allocator@D@2@@std@@V?$shared_ptr@UNode@NetvarTree@@@2@@std@@PAX@std@@@1@PAU01@@Z 10002260 f i EnginePrediction.obj
 0001:000012d0       ??$_Get_size_of_n@$00@std@@YAII@Z 100022d0 f i EnginePrediction.obj
 0001:000012e0       ??$_Get_size_of_n@$03@std@@YAII@Z 100022e0 f i EnginePrediction.obj
 0001:00001310       ??$_Get_size_of_n@$0BA@@std@@YAII@Z 10002310 f i EnginePrediction.obj
 0001:00001340       ??$_Get_size_of_n@$0CI@@std@@YAII@Z 10002340 f i EnginePrediction.obj
 0001:00001370       ??$_Get_unwrapped@AAPAD@std@@YA?A_TAAPAD@Z 10002370 f i Hooks.obj
 0001:00001370       ??$_Get_unwrapped@AAPAVAnimationLayer@@@std@@YA?A_TAAPAVAnimationLayer@@@Z 10002370 f i Hooks.obj
 0001:00001370       ??$_Get_unwrapped@AAPBI@std@@YA?A_TAAPBI@Z 10002370 f i Hooks.obj
 0001:00001370       ??$_Get_unwrapped@AAPB_K@std@@YA?A_TAAPB_K@Z 10002370 f i Hooks.obj
 0001:00001370       ??$_Get_unwrapped@ABQAD@std@@YA?A_TABQAD@Z 10002370 f i Hooks.obj
 0001:00001370       ??$_Get_unwrapped@ABQAH@std@@YA?A_TABQAH@Z 10002370 f i Aimbot.obj
 0001:00001370       ??$_Get_unwrapped@ABQAPAULegitPlayerRecords@@@std@@YA?A_TABQAPAULegitPlayerRecords@@@Z 10002370 f i Legitbot.obj
 0001:00001370       ??$_Get_unwrapped@ABQAPAUPlayerRecords@@@std@@YA?A_TABQAPAUPlayerRecords@@@Z 10002370 f i LagComp.obj
 0001:00001370       ??$_Get_unwrapped@ABQAPAV?$ConfigValue@H@@@std@@YA?A_TABQAPAV?$ConfigValue@H@@@Z 10002370 f i TGFCfg.obj
 0001:00001370       ??$_Get_unwrapped@ABQAPAV?$ConfigValue@M@@@std@@YA?A_TABQAPAV?$ConfigValue@M@@@Z 10002370 f i TGFCfg.obj
 0001:00001370       ??$_Get_unwrapped@ABQAPAV?$ConfigValue@_N@@@std@@YA?A_TABQAPAV?$ConfigValue@_N@@@Z 10002370 f i TGFCfg.obj
 0001:00001370       ??$_Get_unwrapped@ABQAV?$_List_unchecked_iterator@V?$_List_val@U?$_List_simple_types@U?$pair@$$CBII@std@@@std@@@std@@@std@@@std@@YA?A_TABQAV?$_List_unchecked_iterator@V?$_List_val@U?$_List_simple_types@U?$pair@$$CBII@std@@@std@@@std@@@0@@Z 10002370 f i EnginePrediction.obj
 0001:00001370       ??$_Get_unwrapped@ABQAV?$_List_unchecked_iterator@V?$_List_val@U?$_List_simple_types@U?$pair@$$CBV?$basic_string@DU?$char_traits@D@std@@V?$allocator@D@2@@std@@V?$shared_ptr@UNode@NetvarTree@@@2@@std@@@std@@@std@@@std@@@std@@YA?A_TABQAV?$_List_unchecked_iterator@V?$_List_val@U?$_List_simple_types@U?$pair@$$CBV?$basic_string@DU?$char_traits@D@std@@V?$allocator@D@2@@std@@V?$shared_ptr@UNode@NetvarTree@@@2@@std@@@std@@@std@@@0@@Z 10002370 f i EnginePrediction.obj
 0001:00001370       ??$_Get_unwrapped@ABQBD@std@@YA?A_TABQBD@Z 10002370 f i Hooks.obj
 0001:00001370       ??$_Get_unwrapped@ABQBI@std@@YA?A_TABQBI@Z 10002370 f i Hooks.obj
 0001:00001370       ??$_Get_unwrapped@ABQB_K@std@@YA?A_TABQB_K@Z 10002370 f i Hooks.obj
 0001:00001370       ??$_Get_unwrapped_n@AAPADH@std@@YA?A_TAAPADH@Z 10002370 f i Hooks.obj
 0001:00001370       ??$_Get_unwrapped_n@AAPADI@std@@YA?A_TAAPADI@Z 10002370 f i Hooks.obj
 0001:00001370       ??$_Get_unwrapped_n@AAPAPAULegitPlayerRecords@@H@std@@YA?A_TAAPAPAULegitPlayerRecords@@H@Z 10002370 f i Legitbot.obj
 0001:00001370       ??$_Get_unwrapped_n@AAPAPAUPlayerRecords@@H@std@@YA?A_TAAPAPAUPlayerRecords@@H@Z 10002370 f i LagComp.obj
 0001:00001370       ??$_Get_unwrapped_n@PAVAnimationLayer@@H@std@@YA?A_T$$QAPAVAnimationLayer@@H@Z 10002370 f i Hooks.obj
 0001:00001370       ??$_Tuple_get@$0A@$$QAI@std@@YA$$QA_P$$QAV?$tuple@$$QAI@0@@Z 10002370 f i Resolver.obj
 0001:00001370       ??$_Tuple_get@$0A@$$QAV?$basic_string@DU?$char_traits@D@std@@V?$allocator@D@2@@std@@@std@@YA$$QA_P$$QAV?$tuple@$$QAV?$basic_string@DU?$char_traits@D@std@@V?$allocator@D@2@@std@@@0@@Z 10002370 f i EnginePrediction.obj
 0001:00001370       ??$_Unwrap_iter@PADPAD@ranges@std@@YA?A_T$$QAPAD@Z 10002370 f i Hooks.obj
 0001:00001370       ??$_Unwrap_iter@PBV?$basic_string@DU?$char_traits@D@std@@V?$allocator@D@2@@std@@PBV12@@ranges@std@@YA?A_T$$QAPBV?$basic_string@DU?$char_traits@D@std@@V?$allocator@D@2@@1@@Z 10002370 f i Menu.obj
 0001:00001370       ??$_Unwrap_sent@PADPAD@ranges@std@@YA?A_T$$QAPAD@Z 10002370 f i Hooks.obj
 0001:00001370       ??$_Unwrap_sent@PBV?$basic_string@DU?$char_traits@D@std@@V?$allocator@D@2@@std@@PBV12@@ranges@std@@YA?A_T$$QAPBV?$basic_string@DU?$char_traits@D@std@@V?$allocator@D@2@@1@@Z 10002370 f i Menu.obj
 0001:00001380       ??$_Hash_array_representation@D@std@@YAIQBDI@Z 10002380 f i EnginePrediction.obj
 0001:000013a0       ??$_Max_limit@H@std@@YAHXZ 100023a0 f i EnginePrediction.obj
 0001:000013c0       ??$_Traits_equal@U?$char_traits@D@std@@@std@@YA_NQBDI0I@Z 100023c0 f i EnginePrediction.obj
 0001:00001410       ??$_Try_emplace@V?$basic_string@DU?$char_traits@D@std@@V?$allocator@D@2@@std@@$$V@?$_Hash@V?$_Umap_traits@V?$basic_string@DU?$char_traits@D@std@@V?$allocator@D@2@@std@@V?$shared_ptr@UNode@NetvarTree@@@2@V?$_Uhash_compare@V?$basic_string@DU?$char_traits@D@std@@V?$allocator@D@2@@std@@U?$hash@V?$basic_string@DU?$char_traits@D@std@@V?$allocator@D@2@@std@@@2@U?$equal_to@V?$basic_string@DU?$char_traits@D@std@@V?$allocator@D@2@@std@@@2@@2@V?$allocator@U?$pair@$$CBV?$basic_string@DU?$char_traits@D@std@@V?$allocator@D@2@@std@@V?$shared_ptr@UNode@NetvarTree@@@2@@std@@@2@$0A@@std@@@std@@IAE?AU?$pair@PAU?$_List_node@U?$pair@$$CBV?$basic_string@DU?$char_traits@D@std@@V?$allocator@D@2@@std@@V?$shared_ptr@UNode@NetvarTree@@@2@@std@@PAX@std@@_N@1@$$QAV?$basic_string@DU?$char_traits@D@std@@V?$allocator@D@2@@1@@Z 10002410 f i EnginePrediction.obj
 0001:00001580       ??$construct@U?$pair@$$CBV?$basic_string@DU?$char_traits@D@std@@V?$allocator@D@2@@std@@V?$shared_ptr@UNode@NetvarTree@@@2@@std@@ABUpiecewise_construct_t@2@V?$tuple@$$QAV?$basic_string@DU?$char_traits@D@std@@V?$allocator@D@2@@std@@@2@V?$tuple@$$V@2@@?$_Default_allocator_traits@V?$allocator@U?$_List_node@U?$pair@$$CBV?$basic_string@DU?$char_traits@D@std@@V?$allocator@D@2@@std@@V?$shared_ptr@UNode@NetvarTree@@@2@@std@@PAX@std@@@std@@@std@@SAXAAV?$allocator@U?$_List_node@U?$pair@$$CBV?$basic_string@DU?$char_traits@D@std@@V?$allocator@D@2@@std@@V?$shared_ptr@UNode@NetvarTree@@@2@@std@@PAX@std@@@1@QAU?$pair@$$CBV?$basic_string@DU?$char_traits@D@std@@V?$allocator@D@2@@std@@V?$shared_ptr@UNode@NetvarTree@@@2@@1@ABUpiecewise_construct_t@1@$$QAV?$tuple@$$QAV?$basic_string@DU?$char_traits@D@std@@V?$allocator@D@2@@std@@@1@$$QAV?$tuple@$$V@1@@Z 10002580 f i EnginePrediction.obj
 0001:000015a0       ??$construct_at@D$$V@std@@YAPADQAD@Z 100025a0 f i EnginePrediction.obj
 0001:000015e0       ??$construct_at@HH@std@@YAPAHQAH$$QAH@Z 100025e0 f i Aimbot.obj
 0001:000015e0       ??$construct_at@PADAAPAD@std@@YAPAPADQAPADAAPAD@Z 100025e0 f i EnginePrediction.obj
 0001:000015e0       ??$construct_at@PADABQAD@std@@YAPAPADQAPADABQAD@Z 100025e0 f i EnginePrediction.obj
 0001:000015e0       ??$construct_at@PAU?$_List_node@U?$pair@$$CBII@std@@PAX@std@@AAPAU12@@std@@YAPAPAU?$_List_node@U?$pair@$$CBII@std@@PAX@0@QAPAU10@AAPAU10@@Z 100025e0 f i EnginePrediction.obj
 0001:000015e0       ??$construct_at@PAU?$_List_node@U?$pair@$$CBII@std@@PAX@std@@ABQAU12@@std@@YAPAPAU?$_List_node@U?$pair@$$CBII@std@@PAX@0@QAPAU10@ABQAU10@@Z 100025e0 f i Resolver.obj
 0001:000015e0       ??$construct_at@PAU?$_List_node@U?$pair@$$CBV?$basic_string@DU?$char_traits@D@std@@V?$allocator@D@2@@std@@V?$shared_ptr@UNode@NetvarTree@@@2@@std@@PAX@std@@AAPAU12@@std@@YAPAPAU?$_List_node@U?$pair@$$CBV?$basic_string@DU?$char_traits@D@std@@V?$allocator@D@2@@std@@V?$shared_ptr@UNode@NetvarTree@@@2@@std@@PAX@0@QAPAU10@AAPAU10@@Z 100025e0 f i NetvarManager.obj
 0001:000015e0       ??$construct_at@PAU?$_List_node@U?$pair@$$CBV?$basic_string@DU?$char_traits@D@std@@V?$allocator@D@2@@std@@V?$shared_ptr@UNode@NetvarTree@@@2@@std@@PAX@std@@ABQAU12@@std@@YAPAPAU?$_List_node@U?$pair@$$CBV?$basic_string@DU?$char_traits@D@std@@V?$allocator@D@2@@std@@V?$shared_ptr@UNode@NetvarTree@@@2@@std@@PAX@0@QAPAU10@ABQAU10@@Z 100025e0 f i EnginePrediction.obj
 0001:000015e0       ??$construct_at@PAV?$ConfigValue@H@@PAV1@@std@@YAPAPAV?$ConfigValue@H@@QAPAV1@$$QAPAV1@@Z 100025e0 f i TGFCfg.obj
 0001:000015e0       ??$construct_at@PAV?$ConfigValue@M@@PAV1@@std@@YAPAPAV?$ConfigValue@M@@QAPAV1@$$QAPAV1@@Z 100025e0 f i TGFCfg.obj
 0001:000015e0       ??$construct_at@PAV?$ConfigValue@_N@@PAV1@@std@@YAPAPAV?$ConfigValue@_N@@QAPAV1@$$QAPAV1@@Z 100025e0 f i TGFCfg.obj
 0001:00001610       ??$construct_at@U?$pair@$$CBV?$basic_string@DU?$char_traits@D@std@@V?$allocator@D@2@@std@@V?$shared_ptr@UNode@NetvarTree@@@2@@std@@ABUpiecewise_construct_t@2@V?$tuple@$$QAV?$basic_string@DU?$char_traits@D@std@@V?$allocator@D@2@@std@@@2@V?$tuple@$$V@2@@std@@YAPAU?$pair@$$CBV?$basic_string@DU?$char_traits@D@std@@V?$allocator@D@2@@std@@V?$shared_ptr@UNode@NetvarTree@@@2@@0@QAU10@ABUpiecewise_construct_t@0@$$QAV?$tuple@$$QAV?$basic_string@DU?$char_traits@D@std@@V?$allocator@D@2@@std@@@0@$$QAV?$tuple@$$V@0@@Z 10002610 f i EnginePrediction.obj
 0001:00001660       ??$construct_at@V?$_List_unchecked_iterator@V?$_List_val@U?$_List_simple_types@U?$pair@$$CBII@std@@@std@@@std@@@std@@ABV12@@std@@YAPAV?$_List_unchecked_iterator@V?$_List_val@U?$_List_simple_types@U?$pair@$$CBII@std@@@std@@@std@@@0@QAV10@ABV10@@Z 10002660 f i EnginePrediction.obj
 0001:00001660       ??$construct_at@V?$_List_unchecked_iterator@V?$_List_val@U?$_List_simple_types@U?$pair@$$CBV?$basic_string@DU?$char_traits@D@std@@V?$allocator@D@2@@std@@V?$shared_ptr@UNode@NetvarTree@@@2@@std@@@std@@@std@@@std@@ABV12@@std@@YAPAV?$_List_unchecked_iterator@V?$_List_val@U?$_List_simple_types@U?$pair@$$CBV?$basic_string@DU?$char_traits@D@std@@V?$allocator@D@2@@std@@V?$shared_ptr@UNode@NetvarTree@@@2@@std@@@std@@@std@@@0@QAV10@ABV10@@Z 10002660 f i EnginePrediction.obj
 0001:00001690       ??$destroy@U?$pair@$$CBII@std@@@?$_Default_allocator_traits@V?$allocator@U?$_List_node@U?$pair@$$CBII@std@@PAX@std@@@std@@@std@@SAXAAV?$allocator@U?$_List_node@U?$pair@$$CBII@std@@PAX@std@@@1@QAU?$pair@$$CBII@1@@Z 10002690 f i EnginePrediction.obj
 0001:00001690       ??$destroy@ULegitPlayerRecords@@@?$_Default_allocator_traits@V?$allocator@ULegitPlayerRecords@@@std@@@std@@SAXAAV?$allocator@ULegitPlayerRecords@@@1@QAULegitPlayerRecords@@@Z 10002690 f i Legitbot.obj
 0001:00001690       ??$destroy@UPlayerRecords@@@?$_Default_allocator_traits@V?$allocator@UPlayerRecords@@@std@@@std@@SAXAAV?$allocator@UPlayerRecords@@@1@QAUPlayerRecords@@@Z 10002690 f i LagComp.obj
 0001:000016b0       ??$destroy@U?$pair@$$CBV?$basic_string@DU?$char_traits@D@std@@V?$allocator@D@2@@std@@V?$shared_ptr@UNode@NetvarTree@@@2@@std@@@?$_Default_allocator_traits@V?$allocator@U?$_List_node@U?$pair@$$CBV?$basic_string@DU?$char_traits@D@std@@V?$allocator@D@2@@std@@V?$shared_ptr@UNode@NetvarTree@@@2@@std@@PAX@std@@@std@@@std@@SAXAAV?$allocator@U?$_List_node@U?$pair@$$CBV?$basic_string@DU?$char_traits@D@std@@V?$allocator@D@2@@std@@V?$shared_ptr@UNode@NetvarTree@@@2@@std@@PAX@std@@@1@QAU?$pair@$$CBV?$basic_string@DU?$char_traits@D@std@@V?$allocator@D@2@@std@@V?$shared_ptr@UNode@NetvarTree@@@2@@1@@Z 100026b0 f i EnginePrediction.obj
 0001:000016d0       ??$destroy_at@U?$pair@$$CBV?$basic_string@DU?$char_traits@D@std@@V?$allocator@D@2@@std@@V?$shared_ptr@UNode@NetvarTree@@@2@@std@@@std@@YAXQAU?$pair@$$CBV?$basic_string@DU?$char_traits@D@std@@V?$allocator@D@2@@std@@V?$shared_ptr@UNode@NetvarTree@@@2@@0@@Z 100026d0 f i EnginePrediction.obj
 0001:000016e0       ??$exchange@PAI$$T@std@@YAPAIAAPAI$$QA$$T@Z 100026e0 f i Hooks.obj
 0001:000016e0       ??$exchange@PAIAAPAI@std@@YAPAIAAPAI0@Z 100026e0 f i Hooks.obj
 0001:000016e0       ??$exchange@PAU?$_List_node@U?$pair@$$CBII@std@@PAX@std@@$$T@std@@YAPAU?$_List_node@U?$pair@$$CBII@std@@PAX@0@AAPAU10@$$QA$$T@Z 100026e0 f i Resolver.obj
 0001:000016e0       ??$exchange@PAU?$_List_node@U?$pair@$$CBV?$basic_string@DU?$char_traits@D@std@@V?$allocator@D@2@@std@@V?$shared_ptr@UNode@NetvarTree@@@2@@std@@PAX@std@@$$T@std@@YAPAU?$_List_node@U?$pair@$$CBV?$basic_string@DU?$char_traits@D@std@@V?$allocator@D@2@@std@@V?$shared_ptr@UNode@NetvarTree@@@2@@std@@PAX@0@AAPAU10@$$QA$$T@Z 100026e0 f i EnginePrediction.obj
 0001:000016e0       ??$exchange@PAU_Container_proxy@std@@$$T@std@@YAPAU_Container_proxy@0@AAPAU10@$$QA$$T@Z 100026e0 f i LagComp.obj
 0001:000016e0       ??$exchange@PAVNetvarTree@@$$T@std@@YAPAVNetvarTree@@AAPAV1@$$QA$$T@Z 100026e0 f i Hooks.obj
 0001:000016e0       ??$exchange@PAVNetvarTree@@AAPAV1@@std@@YAPAVNetvarTree@@AAPAV1@0@Z 100026e0 f i Hooks.obj
 0001:000016e0       ??$exchange@PAVVMTHook@@$$T@std@@YAPAVVMTHook@@AAPAV1@$$QA$$T@Z 100026e0 f i Hooks.obj
 0001:000016e0       ??$exchange@PAVVMTHook@@AAPAV1@@std@@YAPAVVMTHook@@AAPAV1@0@Z 100026e0 f i Hooks.obj
 0001:000016e0       ??$exchange@PAV_Facet_base@std@@$$T@std@@YAPAV_Facet_base@0@AAPAV10@$$QA$$T@Z 100026e0 f i Hooks.obj
 0001:00001700       ??$fill@PAV?$_List_unchecked_iterator@V?$_List_val@U?$_List_simple_types@U?$pair@$$CBII@std@@@std@@@std@@@std@@V12@@std@@YAXQAV?$_List_unchecked_iterator@V?$_List_val@U?$_List_simple_types@U?$pair@$$CBII@std@@@std@@@std@@@0@0ABV10@@Z 10002700 f i EnginePrediction.obj
 0001:00001700       ??$fill@PAV?$_List_unchecked_iterator@V?$_List_val@U?$_List_simple_types@U?$pair@$$CBV?$basic_string@DU?$char_traits@D@std@@V?$allocator@D@2@@std@@V?$shared_ptr@UNode@NetvarTree@@@2@@std@@@std@@@std@@@std@@V12@@std@@YAXQAV?$_List_unchecked_iterator@V?$_List_val@U?$_List_simple_types@U?$pair@$$CBV?$basic_string@DU?$char_traits@D@std@@V?$allocator@D@2@@std@@V?$shared_ptr@UNode@NetvarTree@@@2@@std@@@std@@@std@@@0@0ABV10@@Z 10002700 f i EnginePrediction.obj
 0001:00001760       ??$forward_as_tuple@I@std@@YA?AV?$tuple@$$QAI@0@$$QAI@Z 10002760 f i Resolver.obj
 0001:00001760       ??$forward_as_tuple@V?$basic_string@DU?$char_traits@D@std@@V?$allocator@D@2@@std@@@std@@YA?AV?$tuple@$$QAV?$basic_string@DU?$char_traits@D@std@@V?$allocator@D@2@@std@@@0@$$QAV?$basic_string@DU?$char_traits@D@std@@V?$allocator@D@2@@0@@Z 10002760 f i EnginePrediction.obj
 0001:00001780       ??$max@I@std@@YAABIABI0@Z  10002780 f i EnginePrediction.obj
 0001:000017b0       ??$min@I@std@@YAABIABI0@Z  100027b0 f i EnginePrediction.obj
 0001:000017b0       ??$min@PAD@std@@YAABQADABQAD0@Z 100027b0 f i Hooks.obj
 0001:000017e0       ??$uninitialized_fill@PAV?$_List_unchecked_iterator@V?$_List_val@U?$_List_simple_types@U?$pair@$$CBII@std@@@std@@@std@@@std@@V12@@std@@YAXQAV?$_List_unchecked_iterator@V?$_List_val@U?$_List_simple_types@U?$pair@$$CBII@std@@@std@@@std@@@0@0ABV10@@Z 100027e0 f i EnginePrediction.obj
 0001:000017e0       ??$uninitialized_fill@PAV?$_List_unchecked_iterator@V?$_List_val@U?$_List_simple_types@U?$pair@$$CBV?$basic_string@DU?$char_traits@D@std@@V?$allocator@D@2@@std@@V?$shared_ptr@UNode@NetvarTree@@@2@@std@@@std@@@std@@@std@@V12@@std@@YAXQAV?$_List_unchecked_iterator@V?$_List_val@U?$_List_simple_types@U?$pair@$$CBV?$basic_string@DU?$char_traits@D@std@@V?$allocator@D@2@@std@@V?$shared_ptr@UNode@NetvarTree@@@2@@std@@@std@@@std@@@0@0ABV10@@Z 100027e0 f i EnginePrediction.obj
 0001:00001890       ??0?$_Alloc_construct_ptr@V?$allocator@U?$_List_node@U?$pair@$$CBII@std@@PAX@std@@@std@@@std@@QAE@AAV?$allocator@U?$_List_node@U?$pair@$$CBII@std@@PAX@std@@@1@@Z 10002890 f i Resolver.obj
 0001:00001890       ??0?$_Alloc_construct_ptr@V?$allocator@U?$_List_node@U?$pair@$$CBV?$basic_string@DU?$char_traits@D@std@@V?$allocator@D@2@@std@@V?$shared_ptr@UNode@NetvarTree@@@2@@std@@PAX@std@@@std@@@std@@QAE@AAV?$allocator@U?$_List_node@U?$pair@$$CBV?$basic_string@DU?$char_traits@D@std@@V?$allocator@D@2@@std@@V?$shared_ptr@UNode@NetvarTree@@@2@@std@@PAX@std@@@1@@Z 10002890 f i EnginePrediction.obj
 0001:00001890       ??0_Container_proxy@std@@QAE@PAU_Container_base12@1@@Z 10002890 f i LagComp.obj
 0001:000018c0       ??0?$_Hash@V?$_Umap_traits@IIV?$_Uhash_compare@IU?$hash@I@std@@U?$equal_to@I@2@@std@@V?$allocator@U?$pair@$$CBII@std@@@2@$0A@@std@@@std@@IAE@ABV?$_Uhash_compare@IU?$hash@I@std@@U?$equal_to@I@2@@1@ABV?$allocator@U?$pair@$$CBII@std@@@1@@Z 100028c0 f i EnginePrediction.obj
 0001:000019a0       ??0?$_List_unchecked_const_iterator@V?$_List_val@U?$_List_simple_types@U?$pair@$$CBII@std@@@std@@@std@@U_Iterator_base0@2@@std@@QAE@PAU?$_List_node@U?$pair@$$CBII@std@@PAX@1@PBV?$_List_val@U?$_List_simple_types@U?$pair@$$CBII@std@@@std@@@1@@Z 100029a0 f i EnginePrediction.obj
 0001:000019a0       ??0?$_List_unchecked_const_iterator@V?$_List_val@U?$_List_simple_types@U?$pair@$$CBV?$basic_string@DU?$char_traits@D@std@@V?$allocator@D@2@@std@@V?$shared_ptr@UNode@NetvarTree@@@2@@std@@@std@@@std@@U_Iterator_base0@2@@std@@QAE@PAU?$_List_node@U?$pair@$$CBV?$basic_string@DU?$char_traits@D@std@@V?$allocator@D@2@@std@@V?$shared_ptr@UNode@NetvarTree@@@2@@std@@PAX@1@PBV?$_List_val@U?$_List_simple_types@U?$pair@$$CBV?$basic_string@DU?$char_traits@D@std@@V?$allocator@D@2@@std@@V?$shared_ptr@UNode@NetvarTree@@@2@@std@@@std@@@1@@Z 100029a0 f i EnginePrediction.obj
 0001:000019a0       ??0?$_String_const_iterator@V?$_String_val@U?$_Simple_types@D@std@@@std@@@std@@QAE@PBDPBU_Container_base0@1@@Z 100029a0 f i Hooks.obj
 0001:000019d0       ??0?$_List_const_iterator@V?$_List_val@U?$_List_simple_types@U?$pair@$$CBV?$basic_string@DU?$char_traits@D@std@@V?$allocator@D@2@@std@@V?$shared_ptr@UNode@NetvarTree@@@2@@std@@@std@@@std@@@std@@QAE@PAU?$_List_node@U?$pair@$$CBV?$basic_string@DU?$char_traits@D@std@@V?$allocator@D@2@@std@@V?$shared_ptr@UNode@NetvarTree@@@2@@std@@PAX@1@PBV?$_List_val@U?$_List_simple_types@U?$pair@$$CBV?$basic_string@DU?$char_traits@D@std@@V?$allocator@D@2@@std@@V?$shared_ptr@UNode@NetvarTree@@@2@@std@@@std@@@1@@Z 100029d0 f i NetvarManager.obj
 0001:000019d0       ??0?$_List_unchecked_iterator@V?$_List_val@U?$_List_simple_types@U?$pair@$$CBII@std@@@std@@@std@@@std@@QAE@PAU?$_List_node@U?$pair@$$CBII@std@@PAX@1@PBV?$_List_val@U?$_List_simple_types@U?$pair@$$CBII@std@@@std@@@1@@Z 100029d0 f i EnginePrediction.obj
 0001:000019d0       ??0?$_List_unchecked_iterator@V?$_List_val@U?$_List_simple_types@U?$pair@$$CBV?$basic_string@DU?$char_traits@D@std@@V?$allocator@D@2@@std@@V?$shared_ptr@UNode@NetvarTree@@@2@@std@@@std@@@std@@@std@@QAE@PAU?$_List_node@U?$pair@$$CBV?$basic_string@DU?$char_traits@D@std@@V?$allocator@D@2@@std@@V?$shared_ptr@UNode@NetvarTree@@@2@@std@@PAX@1@PBV?$_List_val@U?$_List_simple_types@U?$pair@$$CBV?$basic_string@DU?$char_traits@D@std@@V?$allocator@D@2@@std@@V?$shared_ptr@UNode@NetvarTree@@@2@@std@@@std@@@1@@Z 100029d0 f i EnginePrediction.obj
 0001:000019d0       ??0?$_String_iterator@V?$_String_val@U?$_Simple_types@D@std@@@std@@@std@@QAE@PBDPBU_Container_base0@1@@Z 100029d0 f i Hooks.obj
 0001:00001a00       ??0?$_List_val@U?$_List_simple_types@U?$pair@$$CBII@std@@@std@@@std@@QAE@XZ 10002a00 f i EnginePrediction.obj
 0001:00001a00       ??0?$_List_val@U?$_List_simple_types@U?$pair@$$CBV?$basic_string@DU?$char_traits@D@std@@V?$allocator@D@2@@std@@V?$shared_ptr@UNode@NetvarTree@@@2@@std@@@std@@@std@@QAE@XZ 10002a00 f i NetvarManager.obj
 0001:00001a00       ??0?$_Ptr_base@UNode@NetvarTree@@@std@@IAE@XZ 10002a00 f i EnginePrediction.obj
 0001:00001a00       ??0?$basic_string_view@DU?$char_traits@D@std@@@std@@QAE@XZ 10002a00 f i Hooks.obj
 0001:00001a00       ??0_Iterator_base12@std@@QAE@XZ 10002a00 f i LagComp.obj
 0001:00001a30       ??0?$_String_val@U?$_Simple_types@D@std@@@std@@QAE@XZ 10002a30 f i EnginePrediction.obj
 0001:00001a60       ??0?$_Uhash_compare@IU?$hash@I@std@@U?$equal_to@I@2@@std@@QAE@XZ 10002a60 f i EnginePrediction.obj
 0001:00001a60       ??0?$_Uhash_compare@V?$basic_string@DU?$char_traits@D@std@@V?$allocator@D@2@@std@@U?$hash@V?$basic_string@DU?$char_traits@D@std@@V?$allocator@D@2@@std@@@2@U?$equal_to@V?$basic_string@DU?$char_traits@D@std@@V?$allocator@D@2@@std@@@2@@std@@QAE@XZ 10002a60 f i NetvarManager.obj
 0001:00001aa0       ??0?$_Umap_traits@IIV?$_Uhash_compare@IU?$hash@I@std@@U?$equal_to@I@2@@std@@V?$allocator@U?$pair@$$CBII@std@@@2@$0A@@std@@QAE@ABV?$_Uhash_compare@IU?$hash@I@std@@U?$equal_to@I@2@@1@@Z 10002aa0 f i EnginePrediction.obj
 0001:00001aa0       ??0?$_Umap_traits@V?$basic_string@DU?$char_traits@D@std@@V?$allocator@D@2@@std@@V?$shared_ptr@UNode@NetvarTree@@@2@V?$_Uhash_compare@V?$basic_string@DU?$char_traits@D@std@@V?$allocator@D@2@@std@@U?$hash@V?$basic_string@DU?$char_traits@D@std@@V?$allocator@D@2@@std@@@2@U?$equal_to@V?$basic_string@DU?$char_traits@D@std@@V?$allocator@D@2@@std@@@2@@2@V?$allocator@U?$pair@$$CBV?$basic_string@DU?$char_traits@D@std@@V?$allocator@D@2@@std@@V?$shared_ptr@UNode@NetvarTree@@@2@@std@@@2@$0A@@std@@QAE@ABV?$_Uhash_compare@V?$basic_string@DU?$char_traits@D@std@@V?$allocator@D@2@@std@@U?$hash@V?$basic_string@DU?$char_traits@D@std@@V?$allocator@D@2@@std@@@2@U?$equal_to@V?$basic_string@DU?$char_traits@D@std@@V?$allocator@D@2@@std@@@2@@1@@Z 10002aa0 f i NetvarManager.obj
 0001:00001ac0       ??0?$_Uninitialized_backout@PAPAULegitPlayerRecords@@@std@@QAE@PAPAULegitPlayerRecords@@@Z 10002ac0 f i Legitbot.obj
 0001:00001ac0       ??0?$_Uninitialized_backout@PAPAUPlayerRecords@@@std@@QAE@PAPAUPlayerRecords@@@Z 10002ac0 f i LagComp.obj
 0001:00001ac0       ??0?$_Uninitialized_backout@PAV?$_List_unchecked_iterator@V?$_List_val@U?$_List_simple_types@U?$pair@$$CBII@std@@@std@@@std@@@std@@@std@@QAE@PAV?$_List_unchecked_iterator@V?$_List_val@U?$_List_simple_types@U?$pair@$$CBII@std@@@std@@@std@@@1@@Z 10002ac0 f i EnginePrediction.obj
 0001:00001ac0       ??0?$_Uninitialized_backout@PAV?$_List_unchecked_iterator@V?$_List_val@U?$_List_simple_types@U?$pair@$$CBV?$basic_string@DU?$char_traits@D@std@@V?$allocator@D@2@@std@@V?$shared_ptr@UNode@NetvarTree@@@2@@std@@@std@@@std@@@std@@@std@@QAE@PAV?$_List_unchecked_iterator@V?$_List_val@U?$_List_simple_types@U?$pair@$$CBV?$basic_string@DU?$char_traits@D@std@@V?$allocator@D@2@@std@@V?$shared_ptr@UNode@NetvarTree@@@2@@std@@@std@@@std@@@1@@Z 10002ac0 f i EnginePrediction.obj
 0001:00001af0       ??0?$_Vector_val@U?$_Simple_types@H@std@@@std@@QAE@XZ 10002af0 f i Aimbot.obj
 0001:00001af0       ??0?$_Vector_val@U?$_Simple_types@PAV?$ConfigValue@H@@@std@@@std@@QAE@XZ 10002af0 f i TGFCfg.obj
 0001:00001af0       ??0?$_Vector_val@U?$_Simple_types@PAV?$ConfigValue@M@@@std@@@std@@QAE@XZ 10002af0 f i TGFCfg.obj
 0001:00001af0       ??0?$_Vector_val@U?$_Simple_types@PAV?$ConfigValue@_N@@@std@@@std@@QAE@XZ 10002af0 f i TGFCfg.obj
 0001:00001af0       ??0?$_Vector_val@U?$_Simple_types@V?$_List_unchecked_iterator@V?$_List_val@U?$_List_simple_types@U?$pair@$$CBII@std@@@std@@@std@@@std@@@std@@@std@@QAE@XZ 10002af0 f i EnginePrediction.obj
 0001:00001af0       ??0?$_Vector_val@U?$_Simple_types@V?$_List_unchecked_iterator@V?$_List_val@U?$_List_simple_types@U?$pair@$$CBV?$basic_string@DU?$char_traits@D@std@@V?$allocator@D@2@@std@@V?$shared_ptr@UNode@NetvarTree@@@2@@std@@@std@@@std@@@std@@@std@@@std@@QAE@XZ 10002af0 f i NetvarManager.obj
 0001:00001af0       ??0?$_Vector_val@U?$_Simple_types@V?$basic_string@DU?$char_traits@D@std@@V?$allocator@D@2@@std@@@std@@@std@@QAE@XZ 10002af0 f i Menu.obj
 0001:00001b20       ??0?$allocator@D@std@@QAE@XZ 10002b20 f i EnginePrediction.obj
 0001:00001b20       ??0?$allocator@H@std@@QAE@XZ 10002b20 f i Aimbot.obj
 0001:00001b20       ??0?$allocator@PAV?$ConfigValue@H@@@std@@QAE@XZ 10002b20 f i TGFCfg.obj
 0001:00001b20       ??0?$allocator@PAV?$ConfigValue@M@@@std@@QAE@XZ 10002b20 f i TGFCfg.obj
 0001:00001b20       ??0?$allocator@PAV?$ConfigValue@_N@@@std@@QAE@XZ 10002b20 f i TGFCfg.obj
 0001:00001b20       ??0?$allocator@U?$pair@$$CBII@std@@@std@@QAE@XZ 10002b20 f i EnginePrediction.obj
 0001:00001b20       ??0?$allocator@U?$pair@$$CBV?$basic_string@DU?$char_traits@D@std@@V?$allocator@D@2@@std@@V?$shared_ptr@UNode@NetvarTree@@@2@@std@@@std@@QAE@XZ 10002b20 f i NetvarManager.obj
 0001:00001b20       ??0?$allocator@ULegitPlayerRecords@@@std@@QAE@XZ 10002b20 f i Legitbot.obj
 0001:00001b20       ??0?$allocator@UPlayerRecords@@@std@@QAE@XZ 10002b20 f i LagComp.obj
 0001:00001b20       ??0?$allocator@V?$basic_string@DU?$char_traits@D@std@@V?$allocator@D@2@@std@@@std@@QAE@XZ 10002b20 f i Menu.obj
 0001:00001b20       ??0Vector2D@@QAE@XZ        10002b20 f i Legitbot.obj
 0001:00001b20       ??0Vector@@QAE@XZ          10002b20 f i Aimbot.obj
 0001:00001b20       ??0matrix3x4_t@@QAE@XZ     10002b20 f i Aimbot.obj
 0001:00001b20       ??D?$back_insert_iterator@V?$_Fmt_buffer@D@std@@@std@@QAEAAV01@XZ 10002b20 f i Hooks.obj
 0001:00001b20       ??E?$back_insert_iterator@V?$_Fmt_buffer@D@std@@@std@@QAEAAV01@XZ 10002b20 f i Hooks.obj
 0001:00001b20       ?_Get_data@?$deque@ULegitPlayerRecords@@V?$allocator@ULegitPlayerRecords@@@std@@@std@@AAEAAV?$_Deque_val@U?$_Deque_simple_types@ULegitPlayerRecords@@@std@@@2@XZ 10002b20 f i Legitbot.obj
 0001:00001b20       ?_Get_data@?$deque@ULegitPlayerRecords@@V?$allocator@ULegitPlayerRecords@@@std@@@std@@ABEABV?$_Deque_val@U?$_Deque_simple_types@ULegitPlayerRecords@@@std@@@2@XZ 10002b20 f i Legitbot.obj
 0001:00001b20       ?_Get_data@?$deque@UPlayerRecords@@V?$allocator@UPlayerRecords@@@std@@@std@@AAEAAV?$_Deque_val@U?$_Deque_simple_types@UPlayerRecords@@@std@@@2@XZ 10002b20 f i Aimbot.obj
 0001:00001b20       ?_Get_data@?$deque@UPlayerRecords@@V?$allocator@UPlayerRecords@@@std@@@std@@ABEABV?$_Deque_val@U?$_Deque_simple_types@UPlayerRecords@@@std@@@2@XZ 10002b20 f i Aimbot.obj
 0001:00001b20       ?_Get_first@?$_Compressed_pair@U?$default_delete@$$BY0A@I@std@@PAI$00@std@@QAEAAU?$default_delete@$$BY0A@I@2@XZ 10002b20 f i Hooks.obj
 0001:00001b20       ?_Get_first@?$_Compressed_pair@U?$default_delete@VNetvarTree@@@std@@PAVNetvarTree@@$00@std@@QAEAAU?$default_delete@VNetvarTree@@@2@XZ 10002b20 f i Hooks.obj
 0001:00001b20       ?_Get_first@?$_Compressed_pair@U?$default_delete@VShadowVTManager@@@std@@PAVShadowVTManager@@$00@std@@QAEAAU?$default_delete@VShadowVTManager@@@2@XZ 10002b20 f i Hooks.obj
 0001:00001b20       ?_Get_first@?$_Compressed_pair@U?$default_delete@VVMTHook@@@std@@PAVVMTHook@@$00@std@@QAEAAU?$default_delete@VVMTHook@@@2@XZ 10002b20 f i Hooks.obj
 0001:00001b20       ?_Get_first@?$_Compressed_pair@U?$default_delete@V_Facet_base@std@@@std@@PAV_Facet_base@2@$00@std@@QAEAAU?$default_delete@V_Facet_base@std@@@2@XZ 10002b20 f i Hooks.obj
 0001:00001b20       ?_Get_first@?$_Compressed_pair@U?$equal_to@I@std@@M$00@std@@QBEABU?$equal_to@I@2@XZ 10002b20 f i Resolver.obj
 0001:00001b20       ?_Get_first@?$_Compressed_pair@U?$equal_to@V?$basic_string@DU?$char_traits@D@std@@V?$allocator@D@2@@std@@@std@@M$00@std@@QBEABU?$equal_to@V?$basic_string@DU?$char_traits@D@std@@V?$allocator@D@2@@std@@@2@XZ 10002b20 f i EnginePrediction.obj
 0001:00001b20       ?_Get_first@?$_Compressed_pair@U?$hash@I@std@@V?$_Compressed_pair@U?$equal_to@I@std@@M$00@2@$00@std@@QBEABU?$hash@I@2@XZ 10002b20 f i Resolver.obj
 0001:00001b20       ?_Get_first@?$_Compressed_pair@U?$hash@V?$basic_string@DU?$char_traits@D@std@@V?$allocator@D@2@@std@@@std@@V?$_Compressed_pair@U?$equal_to@V?$basic_string@DU?$char_traits@D@std@@V?$allocator@D@2@@std@@@std@@M$00@2@$00@std@@QBEABU?$hash@V?$basic_string@DU?$char_traits@D@std@@V?$allocator@D@2@@std@@@2@XZ 10002b20 f i EnginePrediction.obj
 0001:00001b20       ?_Get_first@?$_Compressed_pair@V?$allocator@D@std@@V?$_String_val@U?$_Simple_types@D@std@@@2@$00@std@@QAEAAV?$allocator@D@2@XZ 10002b20 f i EnginePrediction.obj
 0001:00001b20       ?_Get_first@?$_Compressed_pair@V?$allocator@D@std@@V?$_String_val@U?$_Simple_types@D@std@@@2@$00@std@@QBEABV?$allocator@D@2@XZ 10002b20 f i EnginePrediction.obj
 0001:00001b20       ?_Get_first@?$_Compressed_pair@V?$allocator@H@std@@V?$_Vector_val@U?$_Simple_types@H@std@@@2@$00@std@@QAEAAV?$allocator@H@2@XZ 10002b20 f i Aimbot.obj
 0001:00001b20       ?_Get_first@?$_Compressed_pair@V?$allocator@H@std@@V?$_Vector_val@U?$_Simple_types@H@std@@@2@$00@std@@QBEABV?$allocator@H@2@XZ 10002b20 f i Aimbot.obj
 0001:00001b20       ?_Get_first@?$_Compressed_pair@V?$allocator@PAV?$ConfigValue@H@@@std@@V?$_Vector_val@U?$_Simple_types@PAV?$ConfigValue@H@@@std@@@2@$00@std@@QAEAAV?$allocator@PAV?$ConfigValue@H@@@2@XZ 10002b20 f i TGFCfg.obj
 0001:00001b20       ?_Get_first@?$_Compressed_pair@V?$allocator@PAV?$ConfigValue@H@@@std@@V?$_Vector_val@U?$_Simple_types@PAV?$ConfigValue@H@@@std@@@2@$00@std@@QBEABV?$allocator@PAV?$ConfigValue@H@@@2@XZ 10002b20 f i TGFCfg.obj
 0001:00001b20       ?_Get_first@?$_Compressed_pair@V?$allocator@PAV?$ConfigValue@M@@@std@@V?$_Vector_val@U?$_Simple_types@PAV?$ConfigValue@M@@@std@@@2@$00@std@@QAEAAV?$allocator@PAV?$ConfigValue@M@@@2@XZ 10002b20 f i TGFCfg.obj
 0001:00001b20       ?_Get_first@?$_Compressed_pair@V?$allocator@PAV?$ConfigValue@M@@@std@@V?$_Vector_val@U?$_Simple_types@PAV?$ConfigValue@M@@@std@@@2@$00@std@@QBEABV?$allocator@PAV?$ConfigValue@M@@@2@XZ 10002b20 f i TGFCfg.obj
 0001:00001b20       ?_Get_first@?$_Compressed_pair@V?$allocator@PAV?$ConfigValue@_N@@@std@@V?$_Vector_val@U?$_Simple_types@PAV?$ConfigValue@_N@@@std@@@2@$00@std@@QAEAAV?$allocator@PAV?$ConfigValue@_N@@@2@XZ 10002b20 f i TGFCfg.obj
 0001:00001b20       ?_Get_first@?$_Compressed_pair@V?$allocator@PAV?$ConfigValue@_N@@@std@@V?$_Vector_val@U?$_Simple_types@PAV?$ConfigValue@_N@@@std@@@2@$00@std@@QBEABV?$allocator@PAV?$ConfigValue@_N@@@2@XZ 10002b20 f i TGFCfg.obj
 0001:00001b20       ?_Get_first@?$_Compressed_pair@V?$allocator@U?$_List_node@U?$pair@$$CBII@std@@PAX@std@@@std@@V?$_List_val@U?$_List_simple_types@U?$pair@$$CBII@std@@@std@@@2@$00@std@@QAEAAV?$allocator@U?$_List_node@U?$pair@$$CBII@std@@PAX@std@@@2@XZ 10002b20 f i EnginePrediction.obj
 0001:00001b20       ?_Get_first@?$_Compressed_pair@V?$allocator@U?$_List_node@U?$pair@$$CBII@std@@PAX@std@@@std@@V?$_List_val@U?$_List_simple_types@U?$pair@$$CBII@std@@@std@@@2@$00@std@@QBEABV?$allocator@U?$_List_node@U?$pair@$$CBII@std@@PAX@std@@@2@XZ 10002b20 f i Resolver.obj
 0001:00001b20       ?_Get_first@?$_Compressed_pair@V?$allocator@U?$_List_node@U?$pair@$$CBV?$basic_string@DU?$char_traits@D@std@@V?$allocator@D@2@@std@@V?$shared_ptr@UNode@NetvarTree@@@2@@std@@PAX@std@@@std@@V?$_List_val@U?$_List_simple_types@U?$pair@$$CBV?$basic_string@DU?$char_traits@D@std@@V?$allocator@D@2@@std@@V?$shared_ptr@UNode@NetvarTree@@@2@@std@@@std@@@2@$00@std@@QAEAAV?$allocator@U?$_List_node@U?$pair@$$CBV?$basic_string@DU?$char_traits@D@std@@V?$allocator@D@2@@std@@V?$shared_ptr@UNode@NetvarTree@@@2@@std@@PAX@std@@@2@XZ 10002b20 f i EnginePrediction.obj
 0001:00001b20       ?_Get_first@?$_Compressed_pair@V?$allocator@U?$_List_node@U?$pair@$$CBV?$basic_string@DU?$char_traits@D@std@@V?$allocator@D@2@@std@@V?$shared_ptr@UNode@NetvarTree@@@2@@std@@PAX@std@@@std@@V?$_List_val@U?$_List_simple_types@U?$pair@$$CBV?$basic_string@DU?$char_traits@D@std@@V?$allocator@D@2@@std@@V?$shared_ptr@UNode@NetvarTree@@@2@@std@@@std@@@2@$00@std@@QBEABV?$allocator@U?$_List_node@U?$pair@$$CBV?$basic_string@DU?$char_traits@D@std@@V?$allocator@D@2@@std@@V?$shared_ptr@UNode@NetvarTree@@@2@@std@@PAX@std@@@2@XZ 10002b20 f i EnginePrediction.obj
 0001:00001b20       ?_Get_first@?$_Compressed_pair@V?$allocator@ULegitPlayerRecords@@@std@@V?$_Deque_val@U?$_Deque_simple_types@ULegitPlayerRecords@@@std@@@2@$00@std@@QAEAAV?$allocator@ULegitPlayerRecords@@@2@XZ 10002b20 f i Legitbot.obj
[...]
 0002:000290a0       __unwindtable$??$make_shared@UNode@NetvarTree@@H@std@@YA?AV?$shared_ptr@UNode@NetvarTree@@@0@$$QAH@Z 1006d0a0     NetvarManager.obj
 0002:000290a8       __ehfuncinfo$??$make_shared@UNode@NetvarTree@@H@std@@YA?AV?$shared_ptr@UNode@NetvarTree@@@0@$$QAH@Z 1006d0a8     NetvarManager.obj
 0002:000290cc       __unwindtable$??$emplace@PBDABV?$shared_ptr@UNode@NetvarTree@@@std@@@?$_Hash@V?$_Umap_traits@V?$basic_string@DU?$char_traits@D@std@@V?$allocator@D@2@@std@@V?$shared_ptr@UNode@NetvarTree@@@2@V?$_Uhash_compare@V?$basic_string@DU?$char_traits@D@std@@V?$allocator@D@2@@std@@U?$hash@V?$basic_string@DU?$char_traits@D@std@@V?$allocator@D@2@@std@@@2@U?$equal_to@V?$basic_string@DU?$char_traits@D@std@@V?$allocator@D@2@@std@@@2@@2@V?$allocator@U?$pair@$$CBV?$basic_string@DU?$char_traits@D@std@@V?$allocator@D@2@@std@@V?$shared_ptr@UNode@NetvarTree@@@2@@std@@@2@$0A@@std@@@std@@QAE?AU?$pair@V?$_List_iterator@V?$_List_val@U?$_List_simple_types@U?$pair@$$CBV?$basic_string@DU?$char_traits@D@std@@V?$allocator@D@2@@std@@V?$shared_ptr@UNode@NetvarTree@@@2@@std@@@std@@@std@@@std@@_N@1@$$QAPBDABV?$shared_ptr@UNode@NetvarTree@@@1@@Z 1006d0cc     NetvarManager.obj
 0002:000290d4       __ehfuncinfo$??$emplace@PBDABV?$shared_ptr@UNode@NetvarTree@@@std@@@?$_Hash@V?$_Umap_traits@V?$basic_string@DU?$char_traits@D@std@@V?$allocator@D@2@@std@@V?$shared_ptr@UNode@NetvarTree@@@2@V?$_Uhash_compare@V?$basic_string@DU?$char_traits@D@std@@V?$allocator@D@2@@std@@U?$hash@V?$basic_string@DU?$char_traits@D@std@@V?$allocator@D@2@@std@@@2@U?$equal_to@V?$basic_string@DU?$char_traits@D@std@@V?$allocator@D@2@@std@@@2@@2@V?$allocator@U?$pair@$$CBV?$basic_string@DU?$char_traits@D@std@@V?$allocator@D@2@@std@@V?$shared_ptr@UNode@NetvarTree@@@2@@std@@@2@$0A@@std@@@std@@QAE?AU?$pair@V?$_List_iterator@V?$_List_val@U?$_List_simple_types@U?$pair@$$CBV?$basic_string@DU?$char_traits@D@std@@V?$allocator@D@2@@std@@V?$shared_ptr@UNode@NetvarTree@@@2@@std@@@std@@@std@@@std@@_N@1@$$QAPBDABV?$shared_ptr@UNode@NetvarTree@@@1@@Z 1006d0d4     NetvarManager.obj
 0002:000290f8       __unwindtable$??$?0H@?$_Ref_count_obj2@UNode@NetvarTree@@@std@@QAE@$$QAH@Z 1006d0f8     NetvarManager.obj
 0002:00029100       __ehfuncinfo$??$?0H@?$_Ref_count_obj2@UNode@NetvarTree@@@std@@QAE@$$QAH@Z 1006d100     NetvarManager.obj
 0002:00029124       __unwindtable$?RenderWeaponName@ESP@@AAEXPAVC_BaseEntity@@@Z 1006d124     ESP.obj
 0002:0002912c       __ehfuncinfo$?RenderWeaponName@ESP@@AAEXPAVC_BaseEntity@@@Z 1006d12c     ESP.obj
 0002:00029150       __unwindtable$?RenderHealth@ESP@@AAEXPAVC_BaseEntity@@@Z 1006d150     ESP.obj
 0002:00029168       __ehfuncinfo$?RenderHealth@ESP@@AAEXPAVC_BaseEntity@@@Z 1006d168     ESP.obj
 0002:00029190       __sehtable$___scrt_is_nonwritable_in_current_image 1006d190     MSVCRT:utility.obj
 0002:000291b0       __sehtable$??_M@YGXPAXIIP6EX0@Z@Z 1006d1b0     MSVCRT:ehvecdtr.obj
 0002:000291d0       __sehtable$?__ArrayUnwind@@YGXPAXIIP6EX0@Z@Z 1006d1d0     MSVCRT:ehvecdtr.obj
 0002:000291f0       __sehtable$??_L@YGXPAXIIP6EX0@Z1@Z 1006d1f0     MSVCRT:ehvecctr.obj
 0002:00029210       __sehtable$?dllmain_crt_process_attach@@YAHQAUHINSTANCE__@@QAX@Z 1006d210     MSVCRT:dll_dllmain.obj
 0002:00029230       __sehtable$?dllmain_crt_process_detach@@YAH_N@Z 1006d230     MSVCRT:dll_dllmain.obj
 0002:00029258       __sehtable$?dllmain_dispatch@@YAHQAUHINSTANCE__@@KQAX@Z 1006d258     MSVCRT:dll_dllmain.obj
 0002:00029796       .idata$6                   1006d796     kernel32:KERNEL32.dll
 0002:00029828       .idata$6                   1006d828     user32:USER32.dll
 0002:00029848       .idata$6                   1006d848     shell32:SHELL32.dll
 0002:0002a66e       .idata$6                   1006e66e     msvcprt:MSVCP140.dll
 0002:0002a786       .idata$6                   1006e786     vcruntime:VCRUNTIME140.dll
 0002:0002aac6       .idata$6                   1006eac6     ucrt:api-ms-win-crt-runtime-l1-1-0.dll
 0002:0002aae8       .idata$6                   1006eae8     ucrt:api-ms-win-crt-heap-l1-1-0.dll
 0002:0002ab08       .idata$6                   1006eb08     ucrt:api-ms-win-crt-math-l1-1-0.dll
 0002:0002ab28       .idata$6                   1006eb28     ucrt:api-ms-win-crt-stdio-l1-1-0.dll
 0002:0002ab48       .idata$6                   1006eb48     ucrt:api-ms-win-crt-string-l1-1-0.dll
 0002:0002ab6a       .idata$6                   1006eb6a     ucrt:api-ms-win-crt-convert-l1-1-0.dll
 0002:0002ab8c       .idata$6                   1006eb8c     ucrt:api-ms-win-crt-filesystem-l1-1-0.dll
 0003:00000000       ?Speed@?1??Autostop@Aimbot@@AAEXXZ@4MA 1006f000     Aimbot.obj
 0003:00000004       ?HitboxForMuti@?1??Hitscan@Aimbot@@AAE?AVVector@@PAVC_BaseEntity@@@Z@4PAHA 1006f004     Aimbot.obj
 0003:00000030       ?Width@?1??Render@Menu@@QAEXXZ@4HA 1006f030     Menu.obj
 0003:00000034       ?Height@?1??Render@Menu@@QAEXXZ@4HA 1006f034     Menu.obj
 0003:00000038       ?CfgInitLoad@?L@??Render@Menu@@QAEXXZ@4_NA 1006f038     Menu.obj
 0003:00000039       ?CfgInitSave@?L@??Render@Menu@@QAEXXZ@4_NA 1006f039     Menu.obj
 0003:0000003c       ?nameSelected@?1??ComboBox@Menu@@AAEXV?$basic_string@DU?$char_traits@D@std@@V?$allocator@D@2@@std@@V?$vector@V?$basic_string@DU?$char_traits@D@std@@V?$allocator@D@2@@std@@V?$allocator@V?$basic_string@DU?$char_traits@D@std@@V?$allocator@D@2@@std@@@2@@4@PAH@Z@4V34@A 1006f03c     Menu.obj
 0003:00000054       ?nameSelected@?1??MultiComboBox@Menu@@AAEXV?$basic_string@DU?$char_traits@D@std@@V?$allocator@D@2@@std@@V?$vector@V?$basic_string@DU?$char_traits@D@std@@V?$allocator@D@2@@std@@V?$allocator@V?$basic_string@DU?$char_traits@D@std@@V?$allocator@D@2@@std@@@2@@4@PA_N@Z@4V34@A 1006f054     Menu.obj
 0003:0000006c       ?nameSelected@?1??ColorPicker@Menu@@AAEXV?$basic_string@DU?$char_traits@D@std@@V?$allocator@D@2@@std@@AAUColorV2@@@Z@4V34@A 1006f06c     Menu.obj
 0003:00000084       ?name@@3PADA               1006f084     TGFCfg.obj
 0003:000005a8       ?vec2_origin@@3VVector2D@@B 1006f5a8     EnginePrediction.obj
 0003:000005f8       ?vec2_origin@@3VVector2D@@B 1006f5f8     Aimbot.obj
 0003:00061ed8       ?oldSimtime@?1??ShouldBaim@@YA_NPAVC_BaseEntity@@@Z@4PAMA 100d0ed8     Aimbot.obj
 0003:00061fe0       ?storedSimtime@?1??ShouldBaim@@YA_NPAVC_BaseEntity@@@Z@4PAMA 100d0fe0     Aimbot.obj
 0003:000620e8       ?ShotTime@?1??ShouldBaim@@YA_NPAVC_BaseEntity@@@Z@4PAMA 100d10e8     Aimbot.obj
 0003:000621f0       ?NextShotTime@?1??ShouldBaim@@YA_NPAVC_BaseEntity@@@Z@4PAMA 100d11f0     Aimbot.obj
 0003:000622f8       ?BaimShot@?1??ShouldBaim@@YA_NPAVC_BaseEntity@@@Z@4PA_NA 100d12f8     Aimbot.obj
 0003:00062339       ?shot@?1??OnCreateMove@Aimbot@@QAEXXZ@4_NA 100d1339     Aimbot.obj
 0003:00062340       ?vec2_origin@@3VVector2D@@B 100d1340     Autowall.obj
 0003:00062358       ?vec2_origin@@3VVector2D@@B 100d1358     LagComp.obj
 0003:00062978       ?ShotTime@?1??StoreRecord@LagComp@@QAEXPAVC_BaseEntity@@@Z@4PAMA 100d1978     LagComp.obj
 0003:00062a80       ?OldSimtime@?1??StoreRecord@LagComp@@QAEXPAVC_BaseEntity@@@Z@4PAMA 100d1a80     LagComp.obj
 0003:00062b88       ?vec2_origin@@3VVector2D@@B 100d1b88     AntiAim.obj
 0003:00062b90       ?Swtich2@?1??Real@@YAXXZ@4_NA 100d1b90     AntiAim.obj
 0003:00062b94       ?test@?1??Real@@YAXXZ@4MA  100d1b94     AntiAim.obj
 0003:00062b98       ?vec2_origin@@3VVector2D@@B 100d1b98     Legitbot.obj
 0003:000630b8       ?bestEntTick@?1??OnCreateMove@Legitbot@@QAEXXZ@4PAHA 100d20b8     Legitbot.obj
 0003:000631c0       ?StoredSimTime@?9??OnCreateMove@Legitbot@@QAEXXZ@4PAMA 100d21c0     Legitbot.obj
 0003:000632c8       ?vec2_origin@@3VVector2D@@B 100d22c8     Resolver.obj
 0003:00063540       ?oldSimtime@?1??AnimationFix@Resolver@@AAEXPAVC_BaseEntity@@@Z@4PAMA 100d2540     Resolver.obj
 0003:00063648       ?storedSimtime@?1??AnimationFix@Resolver@@AAEXPAVC_BaseEntity@@@Z@4PAMA 100d2648     Resolver.obj
 0003:00063750       ?ShotTime@?1??AnimationFix@Resolver@@AAEXPAVC_BaseEntity@@@Z@4PAMA 100d2750     Resolver.obj
 0003:00063858       ?SideTime@?1??AnimationFix@Resolver@@AAEXPAVC_BaseEntity@@@Z@4PAY02MA 100d2858     Resolver.obj
 0003:00063b68       ?LastDesyncSide@?1??AnimationFix@Resolver@@AAEXPAVC_BaseEntity@@@Z@4PAHA 100d2b68     Resolver.obj
 0003:00063c70       ?Delaying@?1??AnimationFix@Resolver@@AAEXPAVC_BaseEntity@@@Z@4PA_NA 100d2c70     Resolver.obj
 0003:00063cb8       ?StoredLayers@?1??AnimationFix@Resolver@@AAEXPAVC_BaseEntity@@@Z@4PAY0P@VAnimationLayer@@A 100d2cb8     Resolver.obj
 0003:00070eb8       ?StoredAnimState@?1??AnimationFix@Resolver@@AAEXPAVC_BaseEntity@@@Z@4PAPAVC_AnimState@@A 100dfeb8     Resolver.obj
 0003:00070fc0       ?StoredPosParams@?1??AnimationFix@Resolver@@AAEXPAVC_BaseEntity@@@Z@4PAY0BI@MA 100dffc0     Resolver.obj
 0003:00072820       ?oldEyeAngles@?1??AnimationFix@Resolver@@AAEXPAVC_BaseEntity@@@Z@4PAVVector@@A 100e1820     Resolver.obj
 0003:00072b2c       ?$TSS0@?1??AnimationFix@Resolver@@AAEXPAVC_BaseEntity@@@Z@4HA 100e1b2c     Resolver.obj
 0003:00072b30       ?oldGoalfeetYaw@?1??AnimationFix@Resolver@@AAEXPAVC_BaseEntity@@@Z@4PAMA 100e1b30     Resolver.obj
 0003:00072c38       ?jittering@?1??AnimationFix@Resolver@@AAEXPAVC_BaseEntity@@@Z@4PA_NA 100e1c38     Resolver.obj
 0003:00072c80       ?predTime@?1??HandleHits@@YAXPAVC_BaseEntity@@@Z@4PAMA 100e1c80     Resolver.obj
 0003:00072d88       ?init@?1??HandleHits@@YAXPAVC_BaseEntity@@@Z@4PA_NA 100e1d88     Resolver.obj
 0003:00072dd0       ?wasDormant@?1??FrameStage@Resolver@@QAEXW4ClientFrameStage_t@@@Z@4PA_NA 100e1dd0     Resolver.obj
 0003:00072e20       ?vec2_origin@@3VVector2D@@B 100e1e20     Hooks.obj
 0003:00072f90       ?fn@?1??Warning@@YAXPBDZZ@4P6AX0PAD@ZA 100e1f90     Hooks.obj
 0003:00072f94       ?$TSS0@?1??Warning@@YAXPBDZZ@4HA 100e1f94     Hooks.obj
 0003:00072f98       ?oCreateMove@?1??CreateMove@Hooks@@SGXHM_NAA_N@Z@4P6IXPAXHHM0@ZA 100e1f98     Hooks.obj
 0003:00072f9c       ?$TSS0@?1??CreateMove@Hooks@@SGXHM_NAA_N@Z@4HA 100e1f9c     Hooks.obj
 0003:00072fa0       ?oSceneEnd@?1??SceneEnd@Hooks@@SIXPAX0@Z@4P6IX00@ZA 100e1fa0     Hooks.obj
 0003:00072fa4       ?$TSS0@?1??SceneEnd@Hooks@@SIXPAX0@Z@4HA 100e1fa4     Hooks.obj
 0003:00072fa8       ?Material@?1??SceneEnd@Hooks@@SIXPAX0@Z@4PAVIMaterial@@A 100e1fa8     Hooks.obj
 0003:00072fac       ?ResetMaterial@?1??SceneEnd@Hooks@@SIXPAX0@Z@4_NA 100e1fac     Hooks.obj
 0003:00072fb0       ?oDrawModelExecute@?1??DrawModelExecute@Hooks@@SIXPAX0PAVIMatRenderContext@@ABUDrawModelState_t@@ABUModelRenderInfo_t@@PAVmatrix3x4_t@@@Z@4P6EX01234@ZA 100e1fb0     Hooks.obj
 0003:00072fb4       ?$TSS0@?1??DrawModelExecute@Hooks@@SIXPAX0PAVIMatRenderContext@@ABUDrawModelState_t@@ABUModelRenderInfo_t@@PAVmatrix3x4_t@@@Z@4HA 100e1fb4     Hooks.obj
 0003:00072fb8       ?oFrameStage@?1??FrameStageNotify@Hooks@@SGXW4ClientFrameStage_t@@@Z@4P6GX0@ZA 100e1fb8     Hooks.obj
 0003:00072fbc       ?$TSS0@?1??FrameStageNotify@Hooks@@SGXW4ClientFrameStage_t@@@Z@4HA 100e1fbc     Hooks.obj
 0003:00072fc0       ?networkedYaw@?4??FrameStageNotify@Hooks@@SGXW4ClientFrameStage_t@@@Z@4MA 100e1fc0     Hooks.obj
 0003:00072fc4       ?$TSS1@?4??FrameStageNotify@Hooks@@SGXW4ClientFrameStage_t@@@Z@4HA 100e1fc4     Hooks.obj
 0003:00072fc8       ?networkedPoseParams@?4??FrameStageNotify@Hooks@@SGXW4ClientFrameStage_t@@@Z@4V?$array@M$0BI@@std@@A 100e1fc8     Hooks.obj
 0003:00073028       ?networkedLayers@?4??FrameStageNotify@Hooks@@SGXW4ClientFrameStage_t@@@Z@4V?$array@VAnimationLayer@@$0N@@std@@A 100e2028     Hooks.obj
 0003:00073300       ?previousTick@?4??FrameStageNotify@Hooks@@SGXW4ClientFrameStage_t@@@Z@4HA 100e2300     Hooks.obj
 0003:00073304       ?oPaintTraverse@?1??PaintTraverse@Hooks@@SIXPAXHI_N1@Z@4P6EX0I11@ZA 100e2304     Hooks.obj
 0003:00073308       ?$TSS0@?1??PaintTraverse@Hooks@@SIXPAXHI_N1@Z@4HA 100e2308     Hooks.obj
 0003:0007330c       ?panelID@?1??PaintTraverse@Hooks@@SIXPAXHI_N1@Z@4IA 100e230c     Hooks.obj
 0003:00073310       ?panelHudID@?1??PaintTraverse@Hooks@@SIXPAXHI_N1@Z@4IA 100e2310     Hooks.obj
 0003:00073314       ?oOverrideView@?1??OverrideView@Hooks@@SIXPAX0PAVCViewSetup@@@Z@4P6IX001@ZA 100e2314     Hooks.obj
 0003:00073318       ?$TSS0@?1??OverrideView@Hooks@@SIXPAX0PAVCViewSetup@@@Z@4HA 100e2318     Hooks.obj
 0003:0007331c       ?oLockCursor@?1??LockCursor@Hooks@@SIXPAVISurface@@PAX@Z@4P6IX01@ZA 100e231c     Hooks.obj
 0003:00073320       ?$TSS0@?1??LockCursor@Hooks@@SIXPAVISurface@@PAX@Z@4HA 100e2320     Hooks.obj
 0003:00073358       ?vec2_origin@@3VVector2D@@B 100e2358     DLLMain.obj
 0003:00073450       ?vec2_origin@@3VVector2D@@B 100e2450     Menu.obj
 0003:000735dc       ?Pressed@?1??Render@Menu@@QAEXXZ@4_NA 100e25dc     Menu.obj
 0003:000735e0       ?oldPos@?1??Render@Menu@@QAEXXZ@4VVector2D@@A 100e25e0     Menu.obj
 0003:000735e8       ?$TSS0@?1??Render@Menu@@QAEXXZ@4HA 100e25e8     Menu.obj
 0003:000735ec       ?mousePos@?1??Render@Menu@@QAEXXZ@4VVector2D@@A 100e25ec     Menu.obj
 0003:000735f4       ?$TSS1@?1??Render@Menu@@QAEXXZ@4HA 100e25f4     Menu.obj
 0003:000735f8       ?dragX@?1??Render@Menu@@QAEXXZ@4HA 100e25f8     Menu.obj
 0003:000735fc       ?dragY@?1??Render@Menu@@QAEXXZ@4HA 100e25fc     Menu.obj
 0003:00073600       ?iScreenWidth@?1??Render@Menu@@QAEXXZ@4HA 100e2600     Menu.obj
 0003:00073604       ?iScreenHeight@?1??Render@Menu@@QAEXXZ@4HA 100e2604     Menu.obj
 0003:00073608       ?Title@?1??Render@Menu@@QAEXXZ@4V?$basic_string@DU?$char_traits@D@std@@V?$allocator@D@2@@std@@A 100e2608     Menu.obj
 0003:00073620       ?$TSS2@?1??Render@Menu@@QAEXXZ@4HA 100e2620     Menu.obj
 0003:00073624       ?bottomText@?1??Render@Menu@@QAEXXZ@4V?$basic_string@DU?$char_traits@D@std@@V?$allocator@D@2@@std@@A 100e2624     Menu.obj
 0003:0007363c       ?$TSS3@?1??Render@Menu@@QAEXXZ@4HA 100e263c     Menu.obj
 0003:00073640       ?Dragging@?1??Render@Menu@@QAEXXZ@4_NA 100e2640     Menu.obj
 0003:00073644       ?SaveTab@?L@??Render@Menu@@QAEXXZ@4HA 100e2644     Menu.obj
 0003:00073648       ?TabSkip@?1??SubTab@Menu@@AAEXV?$basic_string@DU?$char_traits@D@std@@V?$allocator@D@2@@std@@@Z@4HA 100e2648     Menu.obj
 0003:0007364c       ?pressed@?1??CheckBox@Menu@@AAEXV?$basic_string@DU?$char_traits@D@std@@V?$allocator@D@2@@std@@PA_N@Z@4_NA 100e264c     Menu.obj
 0003:0007364d       ?selectedOpened@?1??ComboBox@Menu@@AAEXV?$basic_string@DU?$char_traits@D@std@@V?$allocator@D@2@@std@@V?$vector@V?$basic_string@DU?$char_traits@D@std@@V?$allocator@D@2@@std@@V?$allocator@V?$basic_string@DU?$char_traits@D@std@@V?$allocator@D@2@@std@@@2@@4@PAH@Z@4_NA 100e264d     Menu.obj
 0003:0007364e       ?clickRest@?1??ComboBox@Menu@@AAEXV?$basic_string@DU?$char_traits@D@std@@V?$allocator@D@2@@std@@V?$vector@V?$basic_string@DU?$char_traits@D@std@@V?$allocator@D@2@@std@@V?$allocator@V?$basic_string@DU?$char_traits@D@std@@V?$allocator@D@2@@std@@@2@@4@PAH@Z@4_NA 100e264e     Menu.obj
 0003:0007364f       ?rest@?1??ComboBox@Menu@@AAEXV?$basic_string@DU?$char_traits@D@std@@V?$allocator@D@2@@std@@V?$vector@V?$basic_string@DU?$char_traits@D@std@@V?$allocator@D@2@@std@@V?$allocator@V?$basic_string@DU?$char_traits@D@std@@V?$allocator@D@2@@std@@@2@@4@PAH@Z@4_NA 100e264f     Menu.obj
 0003:00073650       ?$TSS0@?1??ComboBox@Menu@@AAEXV?$basic_string@DU?$char_traits@D@std@@V?$allocator@D@2@@std@@V?$vector@V?$basic_string@DU?$char_traits@D@std@@V?$allocator@D@2@@std@@V?$allocator@V?$basic_string@DU?$char_traits@D@std@@V?$allocator@D@2@@std@@@2@@4@PAH@Z@4HA 100e2650     Menu.obj
 0003:00073654       ?multiPressed@?1??MultiComboBox@Menu@@AAEXV?$basic_string@DU?$char_traits@D@std@@V?$allocator@D@2@@std@@V?$vector@V?$basic_string@DU?$char_traits@D@std@@V?$allocator@D@2@@std@@V?$allocator@V?$basic_string@DU?$char_traits@D@std@@V?$allocator@D@2@@std@@@2@@4@PA_N@Z@4_NA 100e2654     Menu.obj
 0003:00073655       ?selectedOpened@?1??MultiComboBox@Menu@@AAEXV?$basic_string@DU?$char_traits@D@std@@V?$allocator@D@2@@std@@V?$vector@V?$basic_string@DU?$char_traits@D@std@@V?$allocator@D@2@@std@@V?$allocator@V?$basic_string@DU?$char_traits@D@std@@V?$allocator@D@2@@std@@@2@@4@PA_N@Z@4_NA 100e2655     Menu.obj
 0003:00073656       ?clickRest@?1??MultiComboBox@Menu@@AAEXV?$basic_string@DU?$char_traits@D@std@@V?$allocator@D@2@@std@@V?$vector@V?$basic_string@DU?$char_traits@D@std@@V?$allocator@D@2@@std@@V?$allocator@V?$basic_string@DU?$char_traits@D@std@@V?$allocator@D@2@@std@@@2@@4@PA_N@Z@4_NA 100e2656     Menu.obj
 0003:00073657       ?rest@?1??MultiComboBox@Menu@@AAEXV?$basic_string@DU?$char_traits@D@std@@V?$allocator@D@2@@std@@V?$vector@V?$basic_string@DU?$char_traits@D@std@@V?$allocator@D@2@@std@@V?$allocator@V?$basic_string@DU?$char_traits@D@std@@V?$allocator@D@2@@std@@@2@@4@PA_N@Z@4_NA 100e2657     Menu.obj
 0003:00073658       ?$TSS0@?1??MultiComboBox@Menu@@AAEXV?$basic_string@DU?$char_traits@D@std@@V?$allocator@D@2@@std@@V?$vector@V?$basic_string@DU?$char_traits@D@std@@V?$allocator@D@2@@std@@V?$allocator@V?$basic_string@DU?$char_traits@D@std@@V?$allocator@D@2@@std@@@2@@4@PA_N@Z@4HA 100e2658     Menu.obj
 0003:0007365c       ?selectedOpened@?1??ColorPicker@Menu@@AAEXV?$basic_string@DU?$char_traits@D@std@@V?$allocator@D@2@@std@@AAUColorV2@@@Z@4_NA 100e265c     Menu.obj
 0003:0007365d       ?clickRest@?1??ColorPicker@Menu@@AAEXV?$basic_string@DU?$char_traits@D@std@@V?$allocator@D@2@@std@@AAUColorV2@@@Z@4_NA 100e265d     Menu.obj
 0003:0007365e       ?rest@?1??ColorPicker@Menu@@AAEXV?$basic_string@DU?$char_traits@D@std@@V?$allocator@D@2@@std@@AAUColorV2@@@Z@4_NA 100e265e     Menu.obj
 0003:00073660       ?$TSS0@?1??ColorPicker@Menu@@AAEXV?$basic_string@DU?$char_traits@D@std@@V?$allocator@D@2@@std@@AAUColorV2@@@Z@4HA 100e2660     Menu.obj
 0003:00073668       ?path@?1??Save@CConfig@@QAEXXZ@4PADA 100e2668     TGFCfg.obj
 0003:00073770       ?path@?1??Load@CConfig@@QAEXXZ@4PADA 100e2770     TGFCfg.obj
 0003:00073874       ?vec2_origin@@3VVector2D@@B 100e2874     CEntity.obj
 0003:0007387c       ?oSetAbsAngles@?1??SetAbsAngles@C_BaseEntity@@QAEXVVector@@@Z@4P6EXPAXABV3@@ZA 100e287c     CEntity.obj
 0003:00073880       ?$TSS0@?1??SetAbsAngles@C_BaseEntity@@QAEXVVector@@@Z@4HA 100e2880     CEntity.obj
 0003:00073884       ?AbsOrigin@?1??SetAbsOrigin@C_BaseEntity@@QAEXVVector@@@Z@4P6EXPAXABV3@@ZA 100e2884     CEntity.obj
 0003:00073888       ?$TSS0@?1??SetAbsOrigin@C_BaseEntity@@QAEXVVector@@@Z@4HA 100e2888     CEntity.obj
 0003:00078fa8       ?vec2_origin@@3VVector2D@@B 100e7fa8     GlobalVars.obj
 0003:0007931c       ?vec2_origin@@3VVector2D@@B 100e831c     Interfaces.obj
 0003:00079334       ?vec2_origin@@3VVector2D@@B 100e8334     Math.obj
 0003:0007933c       ?random_float@?1??RandomFloat@Math@@QAEMMM@Z@4P6AMMM@ZA 100e833c     Math.obj
 0003:00079340       ?$TSS0@?1??RandomFloat@Math@@QAEMMM@Z@4HA 100e8340     Math.obj
 0003:00079348       ?vec2_origin@@3VVector2D@@B 100e8348     ESP.obj
 0003:00079398       ?_Fac_head@std@@3PAU_Fac_node@1@A 100e8398     msvcprt:locale0_implib.obj
 0003:0007939c       ?_Fac_tidy_reg@std@@3U_Fac_tidy_reg_t@1@B 100e839c     msvcprt:locale0_implib.obj
 0003:000793a8       ?is_initialized_as_dll@@3_NA 100e83a8     MSVCRT:utility.obj
 0003:000793a9       ?module_local_atexit_table_initialized@@3_NA 100e83a9     MSVCRT:utility.obj
 0003:000793ac       ?module_local_atexit_table@@3U_onexit_table_t@@A 100e83ac     MSVCRT:utility.obj
 0003:000793b8       ?module_local_at_quick_exit_table@@3U_onexit_table_t@@A 100e83b8     MSVCRT:utility.obj
 0003:000793c4       ?g_tss_cv@@3U_RTL_CONDITION_VARIABLE@@A 100e83c4     MSVCRT:thread_safe_statics.obj
 0003:000793c8       ?g_tss_srw@@3U_RTL_SRWLOCK@@A 100e83c8     MSVCRT:thread_safe_statics.obj
 0003:000793d0       _GS_ExceptionRecord        100e83d0     MSVCRT:gs_report.obj
 0003:00079420       _GS_ContextRecord          100e8420     MSVCRT:gs_report.obj
 0003:000796ec       ?__proc_attached@@3HA      100e86ec     MSVCRT:dll_dllmain.obj
 0004:00000060       $R000000                   100e9060     * linker generated manifest res *

 Exports

  ordinal    name

